stm32f4xx_ll_bus.h:411:22:LL_AHB1_GRP1_EnableClock	8	static
core_cm4.h:1863:26:NVIC_EncodePriority.constprop	0	static
main.c:175:6:TIM1_TE1	0	static
main.c:178:6:TIM1_TC2	0	static
main.c:181:6:TIM1_HT2	0	static
main.c:184:6:TIM1_TE2	0	static
main.c:189:6:init_timers	8	static
main.c:257:6:retarget_put_char	16	static
main.c:261:5:_write	16	static
main.c:318:11:getNextSampleLR	32	static
main.c:361:7:AUDIO_Init	0	static
main.c:366:6:AUDIO_OUT_Start	16	static
main.c:389:6:median3	0	static
main.c:401:6:AUDIO_OUT_Periodic	32	static
main.c:511:6:printMat	32	static
main.c:517:6:printVec	32	static
main.c:524:7:applyMat	24	static
main.c:534:6:makeRotMat	16	static
main.c:541:6:AUDIO_OUT_ChangeBuffer	8	static
main.c:548:6:cleanAudioBuffer	0	static
main.c:578:7:funcN1	8	static
main.c:589:7:sigma_delta_slow	8	static
main.c:610:7:sigma_delta	8	static
main.c:620:7:sigma_delta2	8	static
main.c:632:5:sigma_delta_SCALED	8	static
main.c:644:5:sigma_delta2_SCALED	8	static
main.c:672:6:checkTime	8	static
main.c:698:6:readDataTim	40	static
main.c:746:6:TIM1_TC1	8	static
main.c:761:6:TIM1_HT1	0	static
main.c:783:6:makePTable	20	static
main.c:814:10:parity	8	static
main.c:818:6:HAL_I2S_TxCpltCallback	8	static
main.c:908:6:HAL_I2S_TxHalfCpltCallback	0	static
main.c:993:6:HAL_I2S_ErrorCallback	0	static
main.c:1005:16:getLCD_Data	0	static
main.c:1010:7:getPixelCenterRot	16	static
main.c:1028:7:getPixelLength	0	static
main.c:1043:7:getAngleAmp	0	static
main.c:1059:5:satur	0	static
main.c:1081:12:hsv2rgb	32	static
main.c:1116:6:paintLevels	88	static
main.c:1169:6:tableSetup	64	static
main.c:1202:6:tableSetup1	88	static
main.c:1548:6:SystemClock_Config	88	static,ignoring_inline_asm
main.c:1249:5:main	328	static,ignoring_inline_asm
main.c:2047:6:Error_Handler	0	static,ignoring_inline_asm
