st7789.c:64:6:setSPI	0	static
st7789.c:72:6:setLCD	12	static
st7789.c:130:6:spiwrite	32	static
st7789.c:138:9:Delay	0	static
st7789.c:146:6:setBacklight	0	static
st7789.c:153:5:getBacklight	0	static
st7789.c:158:6:setBacklightON	0	static
st7789.c:164:6:setBacklightOff	0	static
st7789.c:168:6:color_convert	0	static
st7789.c:178:10:color_convertRGB_to16	0	static
st7789.c:182:10:color_convertRGB_to16d	0	static
st7789.c:194:5:LCD_getWidth	0	static
st7789.c:198:5:LCD_getHeight	0	static
st7789.c:227:11:swapcolor	0	static
st7789.c:231:7:writecommand	0	static
st7789.c:236:6:writedata	0	static
st7789.c:244:9:pgm_read_byte	0	static
st7789.c:248:6:displayInit	32	static
st7789.c:273:6:LCD_reset	8	static
st7789.c:289:6:setRotation	16	static
st7789.c:190:6:LCD_setRotation	0	static
st7789.c:284:6:LCD_init	8	static
st7789.c:323:6:setAddrWindow	48	static
st7789.c:370:6:setAddrWindowA	64	static
st7789.c:423:6:LCD_fillRectData	16	static
st7789.c:438:6:HAL_SPI_TxCpltCallback	0	static
st7789.c:449:6:LCD_fillRectDataTable	40	static
st7789.c:487:6:LCD_fillRectDataTableO	56	static
st7789.c:539:6:LCD_fillRect	16	static
st7789.c:587:6:LCD_Draw_Line	56	static
st7789.c:608:6:LCD_Draw_LineNX	48	static
st7789.c:630:6:LCD_Draw_LinePNX	56	static
st7789.c:655:6:LCD_Draw_LinePNXShadow	56	static
st7789.c:694:6:LCD_Draw_LineP	48	static
st7789.c:718:6:LCD_Draw_Char2	64	static
st7789.c:752:6:LCD_Draw_Char	32	static
st7789.c:758:7:LCD_Draw_Text	40	static
st7789.c:766:7:LCD_Draw_Text2	56	static
