stm32f4xx_hal_msp.c:67:6:HAL_MspInit	8	static
stm32f4xx_hal_msp.c:89:6:HAL_I2S_MspInit	64	static
stm32f4xx_hal_msp.c:159:6:HAL_I2S_MspDeInit	8	static
stm32f4xx_hal_msp.c:191:6:HAL_SPI_MspInit	56	static
stm32f4xx_hal_msp.c:270:6:HAL_SPI_MspDeInit	8	static
stm32f4xx_hal_msp.c:319:6:HAL_TIM_Encoder_MspInit	40	static
stm32f4xx_hal_msp.c:355:6:HAL_TIM_Base_MspInit	8	static
stm32f4xx_hal_msp.c:377:6:HAL_TIM_Encoder_MspDeInit	0	static
stm32f4xx_hal_msp.c:406:6:HAL_TIM_Base_MspDeInit	0	static
stm32f4xx_hal_msp.c:428:6:HAL_UART_MspInit	40	static
stm32f4xx_hal_msp.c:464:6:HAL_UART_MspDeInit	0	static
