C:/Users/r.cernohorsky/STM32Cube/Repository/STM32Cube_FW_F4_V1.27.1/Drivers/STM32F4xx_HAL_Driver/Inc/stm32f4xx_ll_dma.h:1660:26:LL_DMA_IsActiveFlag_HT1	16	static
C:/Users/r.cernohorsky/STM32Cube/Repository/STM32Cube_FW_F4_V1.27.1/Drivers/STM32F4xx_HAL_Driver/Inc/stm32f4xx_ll_dma.h:1671:26:LL_DMA_IsActiveFlag_HT2	16	static
C:/Users/r.cernohorsky/STM32Cube/Repository/STM32Cube_FW_F4_V1.27.1/Drivers/STM32F4xx_HAL_Driver/Inc/stm32f4xx_ll_dma.h:1748:26:LL_DMA_IsActiveFlag_TC1	16	static
C:/Users/r.cernohorsky/STM32Cube/Repository/STM32Cube_FW_F4_V1.27.1/Drivers/STM32F4xx_HAL_Driver/Inc/stm32f4xx_ll_dma.h:1759:26:LL_DMA_IsActiveFlag_TC2	16	static
C:/Users/r.cernohorsky/STM32Cube/Repository/STM32Cube_FW_F4_V1.27.1/Drivers/STM32F4xx_HAL_Driver/Inc/stm32f4xx_ll_dma.h:1836:26:LL_DMA_IsActiveFlag_TE1	16	static
C:/Users/r.cernohorsky/STM32Cube/Repository/STM32Cube_FW_F4_V1.27.1/Drivers/STM32F4xx_HAL_Driver/Inc/stm32f4xx_ll_dma.h:1847:26:LL_DMA_IsActiveFlag_TE2	16	static
C:/Users/r.cernohorsky/STM32Cube/Repository/STM32Cube_FW_F4_V1.27.1/Drivers/STM32F4xx_HAL_Driver/Inc/stm32f4xx_ll_dma.h:2100:22:LL_DMA_ClearFlag_HT1	16	static
C:/Users/r.cernohorsky/STM32Cube/Repository/STM32Cube_FW_F4_V1.27.1/Drivers/STM32F4xx_HAL_Driver/Inc/stm32f4xx_ll_dma.h:2111:22:LL_DMA_ClearFlag_HT2	16	static
C:/Users/r.cernohorsky/STM32Cube/Repository/STM32Cube_FW_F4_V1.27.1/Drivers/STM32F4xx_HAL_Driver/Inc/stm32f4xx_ll_dma.h:2188:22:LL_DMA_ClearFlag_TC1	16	static
C:/Users/r.cernohorsky/STM32Cube/Repository/STM32Cube_FW_F4_V1.27.1/Drivers/STM32F4xx_HAL_Driver/Inc/stm32f4xx_ll_dma.h:2199:22:LL_DMA_ClearFlag_TC2	16	static
C:/Users/r.cernohorsky/STM32Cube/Repository/STM32Cube_FW_F4_V1.27.1/Drivers/STM32F4xx_HAL_Driver/Inc/stm32f4xx_ll_dma.h:2276:22:LL_DMA_ClearFlag_TE1	16	static
C:/Users/r.cernohorsky/STM32Cube/Repository/STM32Cube_FW_F4_V1.27.1/Drivers/STM32F4xx_HAL_Driver/Inc/stm32f4xx_ll_dma.h:2287:22:LL_DMA_ClearFlag_TE2	16	static
../Core/Src/stm32f4xx_it.c:72:6:NMI_Handler	4	static
../Core/Src/stm32f4xx_it.c:87:6:HardFault_Handler	4	static
../Core/Src/stm32f4xx_it.c:102:6:MemManage_Handler	4	static
../Core/Src/stm32f4xx_it.c:117:6:BusFault_Handler	4	static
../Core/Src/stm32f4xx_it.c:132:6:UsageFault_Handler	4	static
../Core/Src/stm32f4xx_it.c:147:6:SVC_Handler	4	static
../Core/Src/stm32f4xx_it.c:160:6:DebugMon_Handler	4	static
../Core/Src/stm32f4xx_it.c:173:6:PendSV_Handler	4	static
../Core/Src/stm32f4xx_it.c:186:6:SysTick_Handler	8	static
../Core/Src/stm32f4xx_it.c:207:6:DMA1_Stream4_IRQHandler	8	static
../Core/Src/stm32f4xx_it.c:221:6:DMA1_Stream5_IRQHandler	8	static
../Core/Src/stm32f4xx_it.c:235:6:DMA2_Stream1_IRQHandler	8	static
../Core/Src/stm32f4xx_it.c:264:6:DMA2_Stream2_IRQHandler	8	static
../Core/Src/stm32f4xx_it.c:293:6:OTG_FS_IRQHandler	8	static
