Archive member included to satisfy reference by file (symbol)

c:/st/stm32cubeide_1.7.0/stm32cubeide/plugins/com.st.stm32cube.ide.mcu.externaltools.gnu-tools-for-stm32.9-2020-q2-update.win32_2.0.0.202105311346/tools/bin/../lib/gcc/arm-none-eabi/9.3.1/../../../../arm-none-eabi/lib/thumb/v7e-m+fp/hard\libc_nano.a(lib_a-errno.o)
                              ./Core/Src/syscalls.o (__errno)
c:/st/stm32cubeide_1.7.0/stm32cubeide/plugins/com.st.stm32cube.ide.mcu.externaltools.gnu-tools-for-stm32.9-2020-q2-update.win32_2.0.0.202105311346/tools/bin/../lib/gcc/arm-none-eabi/9.3.1/../../../../arm-none-eabi/lib/thumb/v7e-m+fp/hard\libc_nano.a(lib_a-exit.o)
                              c:/st/stm32cubeide_1.7.0/stm32cubeide/plugins/com.st.stm32cube.ide.mcu.externaltools.gnu-tools-for-stm32.9-2020-q2-update.win32_2.0.0.202105311346/tools/bin/../lib/gcc/arm-none-eabi/9.3.1/../../../../arm-none-eabi/lib/thumb/v7e-m+fp/hard/crt0.o (exit)
c:/st/stm32cubeide_1.7.0/stm32cubeide/plugins/com.st.stm32cube.ide.mcu.externaltools.gnu-tools-for-stm32.9-2020-q2-update.win32_2.0.0.202105311346/tools/bin/../lib/gcc/arm-none-eabi/9.3.1/../../../../arm-none-eabi/lib/thumb/v7e-m+fp/hard\libc_nano.a(lib_a-impure.o)
                              c:/st/stm32cubeide_1.7.0/stm32cubeide/plugins/com.st.stm32cube.ide.mcu.externaltools.gnu-tools-for-stm32.9-2020-q2-update.win32_2.0.0.202105311346/tools/bin/../lib/gcc/arm-none-eabi/9.3.1/../../../../arm-none-eabi/lib/thumb/v7e-m+fp/hard\libc_nano.a(lib_a-exit.o) (_global_impure_ptr)
c:/st/stm32cubeide_1.7.0/stm32cubeide/plugins/com.st.stm32cube.ide.mcu.externaltools.gnu-tools-for-stm32.9-2020-q2-update.win32_2.0.0.202105311346/tools/bin/../lib/gcc/arm-none-eabi/9.3.1/../../../../arm-none-eabi/lib/thumb/v7e-m+fp/hard\libc_nano.a(lib_a-init.o)
                              c:/st/stm32cubeide_1.7.0/stm32cubeide/plugins/com.st.stm32cube.ide.mcu.externaltools.gnu-tools-for-stm32.9-2020-q2-update.win32_2.0.0.202105311346/tools/bin/../lib/gcc/arm-none-eabi/9.3.1/../../../../arm-none-eabi/lib/thumb/v7e-m+fp/hard/crt0.o (__libc_init_array)
c:/st/stm32cubeide_1.7.0/stm32cubeide/plugins/com.st.stm32cube.ide.mcu.externaltools.gnu-tools-for-stm32.9-2020-q2-update.win32_2.0.0.202105311346/tools/bin/../lib/gcc/arm-none-eabi/9.3.1/../../../../arm-none-eabi/lib/thumb/v7e-m+fp/hard\libc_nano.a(lib_a-memset.o)
                              c:/st/stm32cubeide_1.7.0/stm32cubeide/plugins/com.st.stm32cube.ide.mcu.externaltools.gnu-tools-for-stm32.9-2020-q2-update.win32_2.0.0.202105311346/tools/bin/../lib/gcc/arm-none-eabi/9.3.1/../../../../arm-none-eabi/lib/thumb/v7e-m+fp/hard/crt0.o (memset)
c:/st/stm32cubeide_1.7.0/stm32cubeide/plugins/com.st.stm32cube.ide.mcu.externaltools.gnu-tools-for-stm32.9-2020-q2-update.win32_2.0.0.202105311346/tools/bin/../lib/gcc/arm-none-eabi/9.3.1/../../../../arm-none-eabi/lib/thumb/v7e-m+fp/hard\libc_nano.a(lib_a-nano-vfprintf_float.o)
                              (_printf_float)
c:/st/stm32cubeide_1.7.0/stm32cubeide/plugins/com.st.stm32cube.ide.mcu.externaltools.gnu-tools-for-stm32.9-2020-q2-update.win32_2.0.0.202105311346/tools/bin/../lib/gcc/arm-none-eabi/9.3.1/../../../../arm-none-eabi/lib/thumb/v7e-m+fp/hard\libc_nano.a(lib_a-nano-vfprintf_i.o)
                              c:/st/stm32cubeide_1.7.0/stm32cubeide/plugins/com.st.stm32cube.ide.mcu.externaltools.gnu-tools-for-stm32.9-2020-q2-update.win32_2.0.0.202105311346/tools/bin/../lib/gcc/arm-none-eabi/9.3.1/../../../../arm-none-eabi/lib/thumb/v7e-m+fp/hard\libc_nano.a(lib_a-nano-vfprintf_float.o) (_printf_common)
c:/st/stm32cubeide_1.7.0/stm32cubeide/plugins/com.st.stm32cube.ide.mcu.externaltools.gnu-tools-for-stm32.9-2020-q2-update.win32_2.0.0.202105311346/tools/bin/../lib/gcc/arm-none-eabi/9.3.1/../../../../arm-none-eabi/lib/thumb/v7e-m+fp/hard\libc_nano.a(lib_a-printf.o)
                              ./Core/Src/main.o (printf)
c:/st/stm32cubeide_1.7.0/stm32cubeide/plugins/com.st.stm32cube.ide.mcu.externaltools.gnu-tools-for-stm32.9-2020-q2-update.win32_2.0.0.202105311346/tools/bin/../lib/gcc/arm-none-eabi/9.3.1/../../../../arm-none-eabi/lib/thumb/v7e-m+fp/hard\libc_nano.a(lib_a-puts.o)
                              ./Core/Src/main.o (puts)
c:/st/stm32cubeide_1.7.0/stm32cubeide/plugins/com.st.stm32cube.ide.mcu.externaltools.gnu-tools-for-stm32.9-2020-q2-update.win32_2.0.0.202105311346/tools/bin/../lib/gcc/arm-none-eabi/9.3.1/../../../../arm-none-eabi/lib/thumb/v7e-m+fp/hard\libc_nano.a(lib_a-strlen.o)
                              c:/st/stm32cubeide_1.7.0/stm32cubeide/plugins/com.st.stm32cube.ide.mcu.externaltools.gnu-tools-for-stm32.9-2020-q2-update.win32_2.0.0.202105311346/tools/bin/../lib/gcc/arm-none-eabi/9.3.1/../../../../arm-none-eabi/lib/thumb/v7e-m+fp/hard\libc_nano.a(lib_a-nano-vfprintf_float.o) (strlen)
[...]
Memory Configuration

Name             Origin             Length             Attributes
RAM              0x0000000020000000 0x0000000000018000 xrw
FLASH            0x0000000008000000 0x0000000000060000 xr
*default*        0x0000000000000000 0xffffffffffffffff

Linker script and memory map

LOAD c:/st/stm32cubeide_1.7.0/stm32cubeide/plugins/com.st.stm32cube.ide.mcu.externaltools.gnu-tools-for-stm32.9-2020-q2-update.win32_2.0.0.202105311346/tools/bin/../lib/gcc/arm-none-eabi/9.3.1/thumb/v7e-m+fp/hard/crti.o
LOAD c:/st/stm32cubeide_1.7.0/stm32cubeide/plugins/com.st.stm32cube.ide.mcu.externaltools.gnu-tools-for-stm32.9-2020-q2-update.win32_2.0.0.202105311346/tools/bin/../lib/gcc/arm-none-eabi/9.3.1/thumb/v7e-m+fp/hard/crtbegin.o
LOAD c:/st/stm32cubeide_1.7.0/stm32cubeide/plugins/com.st.stm32cube.ide.mcu.externaltools.gnu-tools-for-stm32.9-2020-q2-update.win32_2.0.0.202105311346/tools/bin/../lib/gcc/arm-none-eabi/9.3.1/../../../../arm-none-eabi/lib/thumb/v7e-m+fp/hard/crt0.o
LOAD ./Core/Src/dual240.o
LOAD ./Core/Src/font8.o
LOAD ./Core/Src/main.o
LOAD ./Core/Src/st7789.o
LOAD ./Core/Src/stm32f4xx_hal_msp.o
LOAD ./Core/Src/stm32f4xx_it.o
LOAD ./Core/Src/syscalls.o
LOAD ./Core/Src/sysmem.o
LOAD ./Core/Src/system_stm32f4xx.o
LOAD ./Core/Src/uvmete240.o
LOAD ./Core/Startup/startup_stm32f401cdux.o
LOAD ./Drivers/STM32F4xx_HAL_Driver/stm32f4xx_hal.o
LOAD ./Drivers/STM32F4xx_HAL_Driver/stm32f4xx_hal_cortex.o
LOAD ./Drivers/STM32F4xx_HAL_Driver/stm32f4xx_hal_dma.o
LOAD ./Drivers/STM32F4xx_HAL_Driver/stm32f4xx_hal_dma_ex.o
LOAD ./Drivers/STM32F4xx_HAL_Driver/stm32f4xx_hal_exti.o
LOAD ./Drivers/STM32F4xx_HAL_Driver/stm32f4xx_hal_flash.o
LOAD ./Drivers/STM32F4xx_HAL_Driver/stm32f4xx_hal_flash_ex.o
LOAD ./Drivers/STM32F4xx_HAL_Driver/stm32f4xx_hal_flash_ramfunc.o
LOAD ./Drivers/STM32F4xx_HAL_Driver/stm32f4xx_hal_gpio.o
LOAD ./Drivers/STM32F4xx_HAL_Driver/stm32f4xx_hal_i2s.o
LOAD ./Drivers/STM32F4xx_HAL_Driver/stm32f4xx_hal_i2s_ex.o
LOAD ./Drivers/STM32F4xx_HAL_Driver/stm32f4xx_hal_pcd.o
LOAD ./Drivers/STM32F4xx_HAL_Driver/stm32f4xx_hal_pcd_ex.o
LOAD ./Drivers/STM32F4xx_HAL_Driver/stm32f4xx_hal_pwr.o
LOAD ./Drivers/STM32F4xx_HAL_Driver/stm32f4xx_hal_pwr_ex.o
LOAD ./Drivers/STM32F4xx_HAL_Driver/stm32f4xx_hal_rcc.o
LOAD ./Drivers/STM32F4xx_HAL_Driver/stm32f4xx_hal_rcc_ex.o
LOAD ./Drivers/STM32F4xx_HAL_Driver/stm32f4xx_hal_spi.o
LOAD ./Drivers/STM32F4xx_HAL_Driver/stm32f4xx_hal_tim.o
LOAD ./Drivers/STM32F4xx_HAL_Driver/stm32f4xx_hal_tim_ex.o
LOAD ./Drivers/STM32F4xx_HAL_Driver/stm32f4xx_hal_uart.o
LOAD ./Drivers/STM32F4xx_HAL_Driver/stm32f4xx_ll_dma.o
LOAD ./Drivers/STM32F4xx_HAL_Driver/stm32f4xx_ll_exti.o
LOAD ./Drivers/STM32F4xx_HAL_Driver/stm32f4xx_ll_gpio.o
LOAD ./Drivers/STM32F4xx_HAL_Driver/stm32f4xx_ll_rcc.o
LOAD ./Drivers/STM32F4xx_HAL_Driver/stm32f4xx_ll_tim.o
LOAD ./Drivers/STM32F4xx_HAL_Driver/stm32f4xx_ll_usb.o
LOAD ./Drivers/STM32F4xx_HAL_Driver/stm32f4xx_ll_utils.o
LOAD ./Middlewares/USB_Device_Library/usbd_audio.o
LOAD ./Middlewares/USB_Device_Library/usbd_core.o
LOAD ./Middlewares/USB_Device_Library/usbd_ctlreq.o
LOAD ./Middlewares/USB_Device_Library/usbd_ioreq.o
LOAD ./USB_DEVICE/App/usb_device.o
LOAD ./USB_DEVICE/App/usbd_audio_if.o
LOAD ./USB_DEVICE/App/usbd_desc.o
LOAD ./USB_DEVICE/Target/usbd_conf.o
START GROUP
LOAD c:/st/stm32cubeide_1.7.0/stm32cubeide/plugins/com.st.stm32cube.ide.mcu.externaltools.gnu-tools-for-stm32.9-2020-q2-update.win32_2.0.0.202105311346/tools/bin/../lib/gcc/arm-none-eabi/9.3.1/../../../../arm-none-eabi/lib/thumb/v7e-m+fp/hard\libc_nano.a
LOAD c:/st/stm32cubeide_1.7.0/stm32cubeide/plugins/com.st.stm32cube.ide.mcu.externaltools.gnu-tools-for-stm32.9-2020-q2-update.win32_2.0.0.202105311346/tools/bin/../lib/gcc/arm-none-eabi/9.3.1/../../../../arm-none-eabi/lib/thumb/v7e-m+fp/hard\libm.a
END GROUP
START GROUP
LOAD c:/st/stm32cubeide_1.7.0/stm32cubeide/plugins/com.st.stm32cube.ide.mcu.externaltools.gnu-tools-for-stm32.9-2020-q2-update.win32_2.0.0.202105311346/tools/bin/../lib/gcc/arm-none-eabi/9.3.1/thumb/v7e-m+fp/hard\libgcc.a
LOAD c:/st/stm32cubeide_1.7.0/stm32cubeide/plugins/com.st.stm32cube.ide.mcu.externaltools.gnu-tools-for-stm32.9-2020-q2-update.win32_2.0.0.202105311346/tools/bin/../lib/gcc/arm-none-eabi/9.3.1/../../../../arm-none-eabi/lib/thumb/v7e-m+fp/hard\libc_nano.a
END GROUP
START GROUP
LOAD c:/st/stm32cubeide_1.7.0/stm32cubeide/plugins/com.st.stm32cube.ide.mcu.externaltools.gnu-tools-for-stm32.9-2020-q2-update.win32_2.0.0.202105311346/tools/bin/../lib/gcc/arm-none-eabi/9.3.1/thumb/v7e-m+fp/hard\libgcc.a
LOAD c:/st/stm32cubeide_1.7.0/stm32cubeide/plugins/com.st.stm32cube.ide.mcu.externaltools.gnu-tools-for-stm32.9-2020-q2-update.win32_2.0.0.202105311346/tools/bin/../lib/gcc/arm-none-eabi/9.3.1/../../../../arm-none-eabi/lib/thumb/v7e-m+fp/hard\libc_nano.a
LOAD c:/st/stm32cubeide_1.7.0/stm32cubeide/plugins/com.st.stm32cube.ide.mcu.externaltools.gnu-tools-for-stm32.9-2020-q2-update.win32_2.0.0.202105311346/tools/bin/../lib/gcc/arm-none-eabi/9.3.1/../../../../arm-none-eabi/lib/thumb/v7e-m+fp/hard\libnosys.a
END GROUP
START GROUP
LOAD c:/st/stm32cubeide_1.7.0/stm32cubeide/plugins/com.st.stm32cube.ide.mcu.externaltools.gnu-tools-for-stm32.9-2020-q2-update.win32_2.0.0.202105311346/tools/bin/../lib/gcc/arm-none-eabi/9.3.1/thumb/v7e-m+fp/hard\libgcc.a
LOAD c:/st/stm32cubeide_1.7.0/stm32cubeide/plugins/com.st.stm32cube.ide.mcu.externaltools.gnu-tools-for-stm32.9-2020-q2-update.win32_2.0.0.202105311346/tools/bin/../lib/gcc/arm-none-eabi/9.3.1/../../../../arm-none-eabi/lib/thumb/v7e-m+fp/hard\libc_nano.a
LOAD c:/st/stm32cubeide_1.7.0/stm32cubeide/plugins/com.st.stm32cube.ide.mcu.externaltools.gnu-tools-for-stm32.9-2020-q2-update.win32_2.0.0.202105311346/tools/bin/../lib/gcc/arm-none-eabi/9.3.1/../../../../arm-none-eabi/lib/thumb/v7e-m+fp/hard\libnosys.a
END GROUP
LOAD c:/st/stm32cubeide_1.7.0/stm32cubeide/plugins/com.st.stm32cube.ide.mcu.externaltools.gnu-tools-for-stm32.9-2020-q2-update.win32_2.0.0.202105311346/tools/bin/../lib/gcc/arm-none-eabi/9.3.1/thumb/v7e-m+fp/hard/crtend.o
LOAD c:/st/stm32cubeide_1.7.0/stm32cubeide/plugins/com.st.stm32cube.ide.mcu.externaltools.gnu-tools-for-stm32.9-2020-q2-update.win32_2.0.0.202105311346/tools/bin/../lib/gcc/arm-none-eabi/9.3.1/thumb/v7e-m+fp/hard/crtn.o
                0x0000000020018000                _estack = (ORIGIN (RAM) + LENGTH (RAM))
                0x0000000000000200                _Min_Heap_Size = 0x200
                0x0000000000000400                _Min_Stack_Size = 0x400

.isr_vector     0x0000000008000000      0x194
                0x0000000008000000                . = ALIGN (0x4)
 *(.isr_vector)
 .isr_vector    0x0000000008000000      0x194 ./Core/Startup/startup_stm32f401cdux.o
                0x0000000008000000                g_pfnVectors
                0x0000000008000194                . = ALIGN (0x4)

.text           0x00000000080001a0     0xb4c4
                0x00000000080001a0                . = ALIGN (0x4)
 *(.text)
 .text          0x00000000080001a0       0x40 c:/st/stm32cubeide_1.7.0/stm32cubeide/plugins/com.st.stm32cube.ide.mcu.externaltools.gnu-tools-for-stm32.9-2020-q2-update.win32_2.0.0.202105311346/tools/bin/../lib/gcc/arm-none-eabi/9.3.1/thumb/v7e-m+fp/hard/crtbegin.o
 .text          0x00000000080001e0       0x10 c:/st/stm32cubeide_1.7.0/stm32cubeide/plugins/com.st.stm32cube.ide.mcu.externaltools.gnu-tools-for-stm32.9-2020-q2-update.win32_2.0.0.202105311346/tools/bin/../lib/gcc/arm-none-eabi/9.3.1/../../../../arm-none-eabi/lib/thumb/v7e-m+fp/hard\libc_nano.a(lib_a-strlen.o)
                0x00000000080001e0                strlen
 .text          0x00000000080001f0       0xa0 c:/st/stm32cubeide_1.7.0/stm32cubeide/plugins/com.st.stm32cube.ide.mcu.externaltools.gnu-tools-for-stm32.9-2020-q2-update.win32_2.0.0.202105311346/tools/bin/../lib/gcc/arm-none-eabi/9.3.1/../../../../arm-none-eabi/lib/thumb/v7e-m+fp/hard\libc_nano.a(lib_a-memchr.o)
                0x00000000080001f0                memchr
 .text          0x0000000008000290      0x378 c:/st/stm32cubeide_1.7.0/stm32cubeide/plugins/com.st.stm32cube.ide.mcu.externaltools.gnu-tools-for-stm32.9-2020-q2-update.win32_2.0.0.202105311346/tools/bin/../lib/gcc/arm-none-eabi/9.3.1/thumb/v7e-m+fp/hard\libgcc.a(_arm_addsubdf3.o)
                0x0000000008000290                __aeabi_drsub
                0x0000000008000298                __aeabi_dsub
                0x0000000008000298                __subdf3
                0x000000000800029c                __aeabi_dadd
                0x000000000800029c                __adddf3
                0x0000000008000514                __floatunsidf
                0x0000000008000514                __aeabi_ui2d
                0x0000000008000534                __floatsidf
                0x0000000008000534                __aeabi_i2d
                0x0000000008000558                __aeabi_f2d
                0x0000000008000558                __extendsfdf2
                0x000000000800059c                __floatundidf
                0x000000000800059c                __aeabi_ul2d
                0x00000000080005ac                __floatdidf
                0x00000000080005ac                __aeabi_l2d
 .text          0x0000000008000608      0x424 c:/st/stm32cubeide_1.7.0/stm32cubeide/plugins/com.st.stm32cube.ide.mcu.externaltools.gnu-tools-for-stm32.9-2020-q2-update.win32_2.0.0.202105311346/tools/bin/../lib/gcc/arm-none-eabi/9.3.1/thumb/v7e-m+fp/hard\libgcc.a(_arm_muldivdf3.o)
                0x0000000008000608                __aeabi_dmul
                0x0000000008000608                __muldf3
                0x000000000800085c                __divdf3
                0x000000000800085c                __aeabi_ddiv
 .text          0x0000000008000a2c      0x110 c:/st/stm32cubeide_1.7.0/stm32cubeide/plugins/com.st.stm32cube.ide.mcu.externaltools.gnu-tools-for-stm32.9-2020-q2-update.win32_2.0.0.202105311346/tools/bin/../lib/gcc/arm-none-eabi/9.3.1/thumb/v7e-m+fp/hard\libgcc.a(_arm_cmpdf2.o)
                0x0000000008000a2c                __gtdf2
                0x0000000008000a2c                __gedf2
                0x0000000008000a34                __ltdf2
                0x0000000008000a34                __ledf2
                0x0000000008000a3c                __nedf2
                0x0000000008000a3c                __eqdf2
                0x0000000008000a3c                __cmpdf2
                0x0000000008000ab8                __aeabi_cdrcmple
                0x0000000008000ac8                __aeabi_cdcmpeq
                0x0000000008000ac8                __aeabi_cdcmple
                0x0000000008000ad8                __aeabi_dcmpeq
                0x0000000008000aec                __aeabi_dcmplt
                0x0000000008000b00                __aeabi_dcmple
                0x0000000008000b14                __aeabi_dcmpge
                0x0000000008000b28                __aeabi_dcmpgt
 .text          0x0000000008000b3c       0x2c c:/st/stm32cubeide_1.7.0/stm32cubeide/plugins/com.st.stm32cube.ide.mcu.externaltools.gnu-tools-for-stm32.9-2020-q2-update.win32_2.0.0.202105311346/tools/bin/../lib/gcc/arm-none-eabi/9.3.1/thumb/v7e-m+fp/hard\libgcc.a(_arm_unorddf2.o)
                0x0000000008000b3c                __unorddf2
                0x0000000008000b3c                __aeabi_dcmpun
 .text          0x0000000008000b68       0x50 c:/st/stm32cubeide_1.7.0/stm32cubeide/plugins/com.st.stm32cube.ide.mcu.externaltools.gnu-tools-for-stm32.9-2020-q2-update.win32_2.0.0.202105311346/tools/bin/../lib/gcc/arm-none-eabi/9.3.1/thumb/v7e-m+fp/hard\libgcc.a(_arm_fixdfsi.o)
                0x0000000008000b68                __aeabi_d2iz
                0x0000000008000b68                __fixdfsi
 .text          0x0000000008000bb8       0xa0 c:/st/stm32cubeide_1.7.0/stm32cubeide/plugins/com.st.stm32cube.ide.mcu.externaltools.gnu-tools-for-stm32.9-2020-q2-update.win32_2.0.0.202105311346/tools/bin/../lib/gcc/arm-none-eabi/9.3.1/thumb/v7e-m+fp/hard\libgcc.a(_arm_truncdfsf2.o)
                0x0000000008000bb8                __truncdfsf2
                0x0000000008000bb8                __aeabi_d2f
 .text          0x0000000008000c58       0x30 c:/st/stm32cubeide_1.7.0/stm32cubeide/plugins/com.st.stm32cube.ide.mcu.externaltools.gnu-tools-for-stm32.9-2020-q2-update.win32_2.0.0.202105311346/tools/bin/../lib/gcc/arm-none-eabi/9.3.1/thumb/v7e-m+fp/hard\libgcc.a(_aeabi_uldivmod.o)
                0x0000000008000c58                __aeabi_uldivmod
 .text          0x0000000008000c88      0x2c4 c:/st/stm32cubeide_1.7.0/stm32cubeide/plugins/com.st.stm32cube.ide.mcu.externaltools.gnu-tools-for-stm32.9-2020-q2-update.win32_2.0.0.202105311346/tools/bin/../lib/gcc/arm-none-eabi/9.3.1/thumb/v7e-m+fp/hard\libgcc.a(_udivmoddi4.o)
                0x0000000008000c88                __udivmoddi4
 .text          0x0000000008000f4c        0x4 c:/st/stm32cubeide_1.7.0/stm32cubeide/plugins/com.st.stm32cube.ide.mcu.externaltools.gnu-tools-for-stm32.9-2020-q2-update.win32_2.0.0.202105311346/tools/bin/../lib/gcc/arm-none-eabi/9.3.1/thumb/v7e-m+fp/hard\libgcc.a(_dvmd_tls.o)
                0x0000000008000f4c                __aeabi_idiv0
                0x0000000008000f4c                __aeabi_ldiv0
 *(.text*)
 .text.getImageDataDual
                0x0000000008000f50        0x8 ./Core/Src/dual240.o
                0x0000000008000f50                getImageDataDual
 .text.LL_AHB1_GRP1_EnableClock
                0x0000000008000f58       0x1c ./Core/Src/main.o
 .text.NVIC_EncodePriority.constprop.0
                0x0000000008000f74        0x4 ./Core/Src/main.o
 .text.TIM1_TE1
                0x0000000008000f78        0x2 ./Core/Src/main.o
                0x0000000008000f78                TIM1_TE1
 .text.TIM1_TC2
                0x0000000008000f7a        0x2 ./Core/Src/main.o
                0x0000000008000f7a                TIM1_TC2
 .text.TIM1_HT2
                0x0000000008000f7c        0x2 ./Core/Src/main.o
                0x0000000008000f7c                TIM1_HT2
 .text.TIM1_TE2
                0x0000000008000f7e        0x2 ./Core/Src/main.o
                0x0000000008000f7e                TIM1_TE2
 .text.init_timers
                0x0000000008000f80      0x11c ./Core/Src/main.o
                0x0000000008000f80                init_timers
 .text.retarget_put_char
                0x000000000800109c       0x20 ./Core/Src/main.o
                0x000000000800109c                retarget_put_char
 .text._write   0x00000000080010bc       0x2e ./Core/Src/main.o
                0x00000000080010bc                _write
 *fill*         0x00000000080010ea        0x2 
 .text.getNextSampleLR
                0x00000000080010ec       0xb4 ./Core/Src/main.o
                0x00000000080010ec                getNextSampleLR
 .text.AUDIO_Init
                0x00000000080011a0       0x10 ./Core/Src/main.o
                0x00000000080011a0                AUDIO_Init
 .text.AUDIO_OUT_Start
                0x00000000080011b0       0x54 ./Core/Src/main.o
                0x00000000080011b0                AUDIO_OUT_Start
 .text.median3  0x0000000008001204       0x1c ./Core/Src/main.o
                0x0000000008001204                median3
 .text.AUDIO_OUT_Periodic
                0x0000000008001220      0x250 ./Core/Src/main.o
                0x0000000008001220                AUDIO_OUT_Periodic
 .text.applyMat
                0x0000000008001470       0x2a ./Core/Src/main.o
                0x0000000008001470                applyMat
 .text.makeRotMat
                0x000000000800149a       0x36 ./Core/Src/main.o
                0x000000000800149a                makeRotMat
 .text.cleanAudioBuffer
                0x00000000080014d0       0x28 ./Core/Src/main.o
                0x00000000080014d0                cleanAudioBuffer
 .text.sigma_delta2_SCALED
                0x00000000080014f8       0x2a ./Core/Src/main.o
                0x00000000080014f8                sigma_delta2_SCALED
 *fill*         0x0000000008001522        0x2 
 .text.checkTime
                0x0000000008001524       0x70 ./Core/Src/main.o
                0x0000000008001524                checkTime
 .text.readDataTim
                0x0000000008001594       0x64 ./Core/Src/main.o
                0x0000000008001594                readDataTim
 .text.TIM1_TC1
                0x00000000080015f8       0x30 ./Core/Src/main.o
                0x00000000080015f8                TIM1_TC1
 .text.TIM1_HT1
                0x0000000008001628       0x28 ./Core/Src/main.o
                0x0000000008001628                TIM1_HT1
 .text.HAL_I2S_TxCpltCallback
                0x0000000008001650       0x28 ./Core/Src/main.o
                0x0000000008001650                HAL_I2S_TxCpltCallback
 .text.HAL_I2S_ErrorCallback
                0x0000000008001678        0xc ./Core/Src/main.o
                0x0000000008001678                HAL_I2S_ErrorCallback
 .text.getLCD_Data
                0x0000000008001684       0x14 ./Core/Src/main.o
                0x0000000008001684                getLCD_Data
 .text.getPixelCenterRot
                0x0000000008001698       0x48 ./Core/Src/main.o
                0x0000000008001698                getPixelCenterRot
 .text.getAngleAmp
                0x00000000080016e0       0x24 ./Core/Src/main.o
                0x00000000080016e0                getAngleAmp
 .text.hsv2rgb  0x0000000008001704      0x10c ./Core/Src/main.o
                0x0000000008001704                hsv2rgb
 .text.paintLevels
                0x0000000008001810      0x1e0 ./Core/Src/main.o
                0x0000000008001810                paintLevels
 .text.tableSetup
                0x00000000080019f0       0xec ./Core/Src/main.o
                0x00000000080019f0                tableSetup
 *fill*         0x0000000008001adc        0x4 
 .text.tableSetup1
                0x0000000008001ae0      0x1b8 ./Core/Src/main.o
                0x0000000008001ae0                tableSetup1
 .text.SystemClock_Config
                0x0000000008001c98       0xa8 ./Core/Src/main.o
                0x0000000008001c98                SystemClock_Config
 .text.startup.main
                0x0000000008001d40      0xb14 ./Core/Src/main.o
                0x0000000008001d40                main
 .text.Error_Handler
                0x0000000008002854        0x4 ./Core/Src/main.o
                0x0000000008002854                Error_Handler
 .text.setLCD   0x0000000008002858       0x4c ./Core/Src/st7789.o
                0x0000000008002858                setLCD
 .text.spiwrite
                0x00000000080028a4       0x3c ./Core/Src/st7789.o
                0x00000000080028a4                spiwrite
 .text.color_convertRGB_to16d
                0x00000000080028e0       0x1c ./Core/Src/st7789.o
                0x00000000080028e0                color_convertRGB_to16d
 .text.LCD_getWidth
                0x00000000080028fc        0x4 ./Core/Src/st7789.o
                0x00000000080028fc                LCD_getWidth
 .text.LCD_getHeight
                0x0000000008002900        0x4 ./Core/Src/st7789.o
                0x0000000008002900                LCD_getHeight
 .text.writecommand
                0x0000000008002904       0x18 ./Core/Src/st7789.o
                0x0000000008002904                writecommand
 .text.writedata
                0x000000000800291c       0x18 ./Core/Src/st7789.o
                0x000000000800291c                writedata
 .text.displayInit
                0x0000000008002934       0x5a ./Core/Src/st7789.o
                0x0000000008002934                displayInit
 *fill*         0x000000000800298e        0x2 
 .text.LCD_reset
                0x0000000008002990       0x50 ./Core/Src/st7789.o
                0x0000000008002990                LCD_reset
 .text.setRotation
                0x00000000080029e0       0x60 ./Core/Src/st7789.o
                0x00000000080029e0                setRotation
 .text.LCD_setRotation
                0x0000000008002a40        0x4 ./Core/Src/st7789.o
                0x0000000008002a40                LCD_setRotation
 .text.LCD_init
                0x0000000008002a44       0x18 ./Core/Src/st7789.o
                0x0000000008002a44                LCD_init
 .text.setAddrWindow
                0x0000000008002a5c      0x1dc ./Core/Src/st7789.o
                0x0000000008002a5c                setAddrWindow
 .text.LCD_fillRectData
                0x0000000008002c38       0x54 ./Core/Src/st7789.o
                0x0000000008002c38                LCD_fillRectData
 .text.HAL_SPI_TxCpltCallback
                0x0000000008002c8c       0x1c ./Core/Src/st7789.o
                0x0000000008002c8c                HAL_SPI_TxCpltCallback
 .text.LCD_fillRectDataTable
                0x0000000008002ca8       0xc0 ./Core/Src/st7789.o
                0x0000000008002ca8                LCD_fillRectDataTable
 .text.LCD_fillRect
                0x0000000008002d68       0x50 ./Core/Src/st7789.o
                0x0000000008002d68                LCD_fillRect
 .text.LCD_Draw_LineNX
                0x0000000008002db8       0xcc ./Core/Src/st7789.o
                0x0000000008002db8                LCD_Draw_LineNX
 .text.LCD_Draw_LinePNX
                0x0000000008002e84       0xe0 ./Core/Src/st7789.o
                0x0000000008002e84                LCD_Draw_LinePNX
 .text.LCD_Draw_LinePNXShadow
                0x0000000008002f64      0x110 ./Core/Src/st7789.o
                0x0000000008002f64                LCD_Draw_LinePNXShadow
 .text.HAL_MspInit
                0x0000000008003074       0x38 ./Core/Src/stm32f4xx_hal_msp.o
                0x0000000008003074                HAL_MspInit
 .text.HAL_I2S_MspInit
                0x00000000080030ac       0xe8 ./Core/Src/stm32f4xx_hal_msp.o
                0x00000000080030ac                HAL_I2S_MspInit
 .text.HAL_SPI_MspInit
                0x0000000008003194       0xfc ./Core/Src/stm32f4xx_hal_msp.o
                0x0000000008003194                HAL_SPI_MspInit
 .text.HAL_TIM_Encoder_MspInit
                0x0000000008003290       0x68 ./Core/Src/stm32f4xx_hal_msp.o
                0x0000000008003290                HAL_TIM_Encoder_MspInit
 .text.HAL_TIM_Base_MspInit
                0x00000000080032f8       0x30 ./Core/Src/stm32f4xx_hal_msp.o
                0x00000000080032f8                HAL_TIM_Base_MspInit
 .text.HAL_UART_MspInit
                0x0000000008003328       0x6c ./Core/Src/stm32f4xx_hal_msp.o
                0x0000000008003328                HAL_UART_MspInit
 .text.NMI_Handler
                0x0000000008003394        0x2 ./Core/Src/stm32f4xx_it.o
                0x0000000008003394                NMI_Handler
 .text.HardFault_Handler
                0x0000000008003396        0x2 ./Core/Src/stm32f4xx_it.o
                0x0000000008003396                HardFault_Handler
 .text.MemManage_Handler
                0x0000000008003398        0x2 ./Core/Src/stm32f4xx_it.o
                0x0000000008003398                MemManage_Handler
 .text.BusFault_Handler
                0x000000000800339a        0x2 ./Core/Src/stm32f4xx_it.o
                0x000000000800339a                BusFault_Handler
 .text.UsageFault_Handler
                0x000000000800339c        0x2 ./Core/Src/stm32f4xx_it.o
                0x000000000800339c                UsageFault_Handler
 .text.SVC_Handler
                0x000000000800339e        0x2 ./Core/Src/stm32f4xx_it.o
                0x000000000800339e                SVC_Handler
 .text.DebugMon_Handler
                0x00000000080033a0        0x2 ./Core/Src/stm32f4xx_it.o
                0x00000000080033a0                DebugMon_Handler
 .text.PendSV_Handler
                0x00000000080033a2        0x2 ./Core/Src/stm32f4xx_it.o
                0x00000000080033a2                PendSV_Handler
 .text.SysTick_Handler
                0x00000000080033a4        0x4 ./Core/Src/stm32f4xx_it.o
                0x00000000080033a4                SysTick_Handler
 .text.DMA1_Stream4_IRQHandler
                0x00000000080033a8        0xc ./Core/Src/stm32f4xx_it.o
                0x00000000080033a8                DMA1_Stream4_IRQHandler
 .text.DMA1_Stream5_IRQHandler
                0x00000000080033b4        0xc ./Core/Src/stm32f4xx_it.o
                0x00000000080033b4                DMA1_Stream5_IRQHandler
 .text.DMA2_Stream1_IRQHandler
                0x00000000080033c0       0x40 ./Core/Src/stm32f4xx_it.o
                0x00000000080033c0                DMA2_Stream1_IRQHandler
 .text.DMA2_Stream2_IRQHandler
                0x0000000008003400       0x40 ./Core/Src/stm32f4xx_it.o
                0x0000000008003400                DMA2_Stream2_IRQHandler
 .text.OTG_FS_IRQHandler
                0x0000000008003440        0xc ./Core/Src/stm32f4xx_it.o
                0x0000000008003440                OTG_FS_IRQHandler
 .text._getpid  0x000000000800344c        0x4 ./Core/Src/syscalls.o
                0x000000000800344c                _getpid
 .text._kill    0x0000000008003450       0x10 ./Core/Src/syscalls.o
                0x0000000008003450                _kill
 .text._exit    0x0000000008003460        0xc ./Core/Src/syscalls.o
                0x0000000008003460                _exit
 .text._read    0x000000000800346c       0x1a ./Core/Src/syscalls.o
                0x000000000800346c                _read
 .text._close   0x0000000008003486        0x6 ./Core/Src/syscalls.o
                0x0000000008003486                _close
 .text._fstat   0x000000000800348c        0xa ./Core/Src/syscalls.o
                0x000000000800348c                _fstat
 .text._isatty  0x0000000008003496        0x4 ./Core/Src/syscalls.o
                0x0000000008003496                _isatty
 .text._lseek   0x000000000800349a        0x4 ./Core/Src/syscalls.o
                0x000000000800349a                _lseek
 *fill*         0x000000000800349e        0x2 
 .text._sbrk    0x00000000080034a0       0x40 ./Core/Src/sysmem.o
                0x00000000080034a0                _sbrk
 .text.SystemInit
                0x00000000080034e0       0x14 ./Core/Src/system_stm32f4xx.o
                0x00000000080034e0                SystemInit
 .text.getImageData
                0x00000000080034f4        0x8 ./Core/Src/uvmete240.o
                0x00000000080034f4                getImageData
 .text.Reset_Handler
                0x00000000080034fc       0x50 ./Core/Startup/startup_stm32f401cdux.o
                0x00000000080034fc                Reset_Handler
 .text.Default_Handler
                0x000000000800354c        0x2 ./Core/Startup/startup_stm32f401cdux.o
                0x000000000800354c                RTC_Alarm_IRQHandler
                0x000000000800354c                EXTI2_IRQHandler
                0x000000000800354c                SPI4_IRQHandler
                0x000000000800354c                TIM1_CC_IRQHandler
                0x000000000800354c                DMA2_Stream5_IRQHandler
                0x000000000800354c                PVD_IRQHandler
                0x000000000800354c                SDIO_IRQHandler
                0x000000000800354c                TAMP_STAMP_IRQHandler
                0x000000000800354c                EXTI3_IRQHandler
                0x000000000800354c                TIM1_UP_TIM10_IRQHandler
                0x000000000800354c                I2C3_ER_IRQHandler
                0x000000000800354c                EXTI0_IRQHandler
                0x000000000800354c                I2C2_EV_IRQHandler
                0x000000000800354c                DMA1_Stream2_IRQHandler
                0x000000000800354c                FPU_IRQHandler
                0x000000000800354c                SPI1_IRQHandler
                0x000000000800354c                TIM1_BRK_TIM9_IRQHandler
                0x000000000800354c                DMA2_Stream3_IRQHandler
                0x000000000800354c                USART6_IRQHandler
                0x000000000800354c                DMA2_Stream0_IRQHandler
                0x000000000800354c                TIM4_IRQHandler
                0x000000000800354c                I2C1_EV_IRQHandler
                0x000000000800354c                DMA1_Stream6_IRQHandler
                0x000000000800354c                DMA1_Stream1_IRQHandler
                0x000000000800354c                TIM3_IRQHandler
                0x000000000800354c                RCC_IRQHandler
                0x000000000800354c                Default_Handler
                0x000000000800354c                EXTI15_10_IRQHandler
                0x000000000800354c                ADC_IRQHandler
                0x000000000800354c                DMA1_Stream7_IRQHandler
                0x000000000800354c                TIM5_IRQHandler
                0x000000000800354c                DMA2_Stream7_IRQHandler
                0x000000000800354c                I2C3_EV_IRQHandler
                0x000000000800354c                EXTI9_5_IRQHandler
                0x000000000800354c                RTC_WKUP_IRQHandler
                0x000000000800354c                SPI2_IRQHandler
                0x000000000800354c                DMA1_Stream0_IRQHandler
                0x000000000800354c                EXTI4_IRQHandler
                0x000000000800354c                WWDG_IRQHandler
                0x000000000800354c                TIM2_IRQHandler
                0x000000000800354c                OTG_FS_WKUP_IRQHandler
                0x000000000800354c                TIM1_TRG_COM_TIM11_IRQHandler
                0x000000000800354c                EXTI1_IRQHandler
                0x000000000800354c                USART2_IRQHandler
                0x000000000800354c                I2C2_ER_IRQHandler
                0x000000000800354c                FLASH_IRQHandler
                0x000000000800354c                DMA2_Stream4_IRQHandler
                0x000000000800354c                USART1_IRQHandler
                0x000000000800354c                SPI3_IRQHandler
                0x000000000800354c                I2C1_ER_IRQHandler
                0x000000000800354c                DMA2_Stream6_IRQHandler
                0x000000000800354c                DMA1_Stream3_IRQHandler
 *fill*         0x000000000800354e        0x2 
 .text.HAL_InitTick
                0x0000000008003550       0x48 ./Drivers/STM32F4xx_HAL_Driver/stm32f4xx_hal.o
                0x0000000008003550                HAL_InitTick
 .text.HAL_Init
                0x0000000008003598       0x34 ./Drivers/STM32F4xx_HAL_Driver/stm32f4xx_hal.o
                0x0000000008003598                HAL_Init
 .text.HAL_IncTick
                0x00000000080035cc       0x18 ./Drivers/STM32F4xx_HAL_Driver/stm32f4xx_hal.o
                0x00000000080035cc                HAL_IncTick
 .text.HAL_GetTick
                0x00000000080035e4        0xc ./Drivers/STM32F4xx_HAL_Driver/stm32f4xx_hal.o
                0x00000000080035e4                HAL_GetTick
 .text.HAL_Delay
                0x00000000080035f0       0x28 ./Drivers/STM32F4xx_HAL_Driver/stm32f4xx_hal.o
                0x00000000080035f0                HAL_Delay
 .text.HAL_NVIC_SetPriorityGrouping
                0x0000000008003618       0x24 ./Drivers/STM32F4xx_HAL_Driver/stm32f4xx_hal_cortex.o
                0x0000000008003618                HAL_NVIC_SetPriorityGrouping
 .text.HAL_NVIC_SetPriority
                0x000000000800363c       0x64 ./Drivers/STM32F4xx_HAL_Driver/stm32f4xx_hal_cortex.o
                0x000000000800363c                HAL_NVIC_SetPriority
 .text.HAL_NVIC_EnableIRQ
                0x00000000080036a0       0x1c ./Drivers/STM32F4xx_HAL_Driver/stm32f4xx_hal_cortex.o
                0x00000000080036a0                HAL_NVIC_EnableIRQ
 .text.HAL_SYSTICK_Config
                0x00000000080036bc       0x2c ./Drivers/STM32F4xx_HAL_Driver/stm32f4xx_hal_cortex.o
                0x00000000080036bc                HAL_SYSTICK_Config
 .text.DMA_CalcBaseAndBitshift
                0x00000000080036e8       0x2c ./Drivers/STM32F4xx_HAL_Driver/stm32f4xx_hal_dma.o
 .text.HAL_DMA_Init
                0x0000000008003714      0x100 ./Drivers/STM32F4xx_HAL_Driver/stm32f4xx_hal_dma.o
                0x0000000008003714                HAL_DMA_Init
 .text.HAL_DMA_Start_IT
                0x0000000008003814       0x74 ./Drivers/STM32F4xx_HAL_Driver/stm32f4xx_hal_dma.o
                0x0000000008003814                HAL_DMA_Start_IT
 .text.HAL_DMA_IRQHandler
                0x0000000008003888      0x17c ./Drivers/STM32F4xx_HAL_Driver/stm32f4xx_hal_dma.o
                0x0000000008003888                HAL_DMA_IRQHandler
 .text.HAL_GPIO_Init
                0x0000000008003a04      0x190 ./Drivers/STM32F4xx_HAL_Driver/stm32f4xx_hal_gpio.o
                0x0000000008003a04                HAL_GPIO_Init
 .text.HAL_GPIO_ReadPin
                0x0000000008003b94        0xc ./Drivers/STM32F4xx_HAL_Driver/stm32f4xx_hal_gpio.o
                0x0000000008003b94                HAL_GPIO_ReadPin
 .text.HAL_GPIO_WritePin
                0x0000000008003ba0        0xa ./Drivers/STM32F4xx_HAL_Driver/stm32f4xx_hal_gpio.o
                0x0000000008003ba0                HAL_GPIO_WritePin
 *fill*         0x0000000008003baa        0x2 
 .text.HAL_I2S_Init
                0x0000000008003bac      0x134 ./Drivers/STM32F4xx_HAL_Driver/stm32f4xx_hal_i2s.o
                0x0000000008003bac                HAL_I2S_Init
 .text.HAL_I2S_RxCpltCallback
                0x0000000008003ce0        0x2 ./Drivers/STM32F4xx_HAL_Driver/stm32f4xx_hal_i2s.o
                0x0000000008003ce0                HAL_I2S_RxCpltCallback
 .text.I2S_IRQHandler
                0x0000000008003ce2       0xfa ./Drivers/STM32F4xx_HAL_Driver/stm32f4xx_hal_i2s.o
 .text.HAL_I2SEx_TxRxCpltCallback
                0x0000000008003ddc        0x2 ./Drivers/STM32F4xx_HAL_Driver/stm32f4xx_hal_i2s_ex.o
                0x0000000008003ddc                HAL_I2SEx_TxRxCpltCallback
 *fill*         0x0000000008003dde        0x2 
 .text.HAL_I2SEx_FullDuplex_IRQHandler
                0x0000000008003de0      0x248 ./Drivers/STM32F4xx_HAL_Driver/stm32f4xx_hal_i2s_ex.o
                0x0000000008003de0                HAL_I2SEx_FullDuplex_IRQHandler
 .text.HAL_PCD_Init
                0x0000000008004028      0x10a ./Drivers/STM32F4xx_HAL_Driver/stm32f4xx_hal_pcd.o
                0x0000000008004028                HAL_PCD_Init
 .text.HAL_PCD_Start
                0x0000000008004132       0x3e ./Drivers/STM32F4xx_HAL_Driver/stm32f4xx_hal_pcd.o
                0x0000000008004132                HAL_PCD_Start
 .text.HAL_PCD_IRQHandler
                0x0000000008004170      0x560 ./Drivers/STM32F4xx_HAL_Driver/stm32f4xx_hal_pcd.o
                0x0000000008004170                HAL_PCD_IRQHandler
 .text.HAL_PCD_SetAddress
                0x00000000080046d0       0x28 ./Drivers/STM32F4xx_HAL_Driver/stm32f4xx_hal_pcd.o
                0x00000000080046d0                HAL_PCD_SetAddress
 .text.HAL_PCD_EP_Open
                0x00000000080046f8       0x70 ./Drivers/STM32F4xx_HAL_Driver/stm32f4xx_hal_pcd.o
                0x00000000080046f8                HAL_PCD_EP_Open
 .text.HAL_PCD_EP_Close
                0x0000000008004768       0x5e ./Drivers/STM32F4xx_HAL_Driver/stm32f4xx_hal_pcd.o
                0x0000000008004768                HAL_PCD_EP_Close
 .text.HAL_PCD_EP_Receive
                0x00000000080047c6       0x48 ./Drivers/STM32F4xx_HAL_Driver/stm32f4xx_hal_pcd.o
                0x00000000080047c6                HAL_PCD_EP_Receive
 .text.HAL_PCD_EP_GetRxCount
                0x000000000800480e       0x10 ./Drivers/STM32F4xx_HAL_Driver/stm32f4xx_hal_pcd.o
                0x000000000800480e                HAL_PCD_EP_GetRxCount
 .text.HAL_PCD_EP_Transmit
                0x000000000800481e       0x40 ./Drivers/STM32F4xx_HAL_Driver/stm32f4xx_hal_pcd.o
                0x000000000800481e                HAL_PCD_EP_Transmit
 .text.HAL_PCD_EP_SetStall
                0x000000000800485e       0x70 ./Drivers/STM32F4xx_HAL_Driver/stm32f4xx_hal_pcd.o
                0x000000000800485e                HAL_PCD_EP_SetStall
 .text.HAL_PCD_EP_ClrStall
                0x00000000080048ce       0x6c ./Drivers/STM32F4xx_HAL_Driver/stm32f4xx_hal_pcd.o
                0x00000000080048ce                HAL_PCD_EP_ClrStall
 .text.HAL_PCDEx_SetTxFiFo
                0x000000000800493a       0x40 ./Drivers/STM32F4xx_HAL_Driver/stm32f4xx_hal_pcd_ex.o
                0x000000000800493a                HAL_PCDEx_SetTxFiFo
 .text.HAL_PCDEx_SetRxFiFo
                0x000000000800497a        0x8 ./Drivers/STM32F4xx_HAL_Driver/stm32f4xx_hal_pcd_ex.o
                0x000000000800497a                HAL_PCDEx_SetRxFiFo
 .text.HAL_PCDEx_LPM_Callback
                0x0000000008004982        0x2 ./Drivers/STM32F4xx_HAL_Driver/stm32f4xx_hal_pcd_ex.o
                0x0000000008004982                HAL_PCDEx_LPM_Callback
 .text.HAL_RCC_OscConfig
                0x0000000008004984      0x358 ./Drivers/STM32F4xx_HAL_Driver/stm32f4xx_hal_rcc.o
                0x0000000008004984                HAL_RCC_OscConfig
 .text.HAL_RCC_GetSysClockFreq
                0x0000000008004cdc       0x5c ./Drivers/STM32F4xx_HAL_Driver/stm32f4xx_hal_rcc.o
                0x0000000008004cdc                HAL_RCC_GetSysClockFreq
 .text.HAL_RCC_ClockConfig
                0x0000000008004d38      0x138 ./Drivers/STM32F4xx_HAL_Driver/stm32f4xx_hal_rcc.o
                0x0000000008004d38                HAL_RCC_ClockConfig
 .text.HAL_RCC_GetHCLKFreq
                0x0000000008004e70        0xc ./Drivers/STM32F4xx_HAL_Driver/stm32f4xx_hal_rcc.o
                0x0000000008004e70                HAL_RCC_GetHCLKFreq
 .text.HAL_RCC_GetPCLK1Freq
                0x0000000008004e7c       0x20 ./Drivers/STM32F4xx_HAL_Driver/stm32f4xx_hal_rcc.o
                0x0000000008004e7c                HAL_RCC_GetPCLK1Freq
 .text.HAL_RCC_GetPCLK2Freq
                0x0000000008004e9c       0x20 ./Drivers/STM32F4xx_HAL_Driver/stm32f4xx_hal_rcc.o
                0x0000000008004e9c                HAL_RCC_GetPCLK2Freq
 .text.HAL_RCCEx_PeriphCLKConfig
                0x0000000008004ebc      0x13c ./Drivers/STM32F4xx_HAL_Driver/stm32f4xx_hal_rcc_ex.o
                0x0000000008004ebc                HAL_RCCEx_PeriphCLKConfig
 .text.HAL_RCCEx_GetPeriphCLKFreq
                0x0000000008004ff8       0x4c ./Drivers/STM32F4xx_HAL_Driver/stm32f4xx_hal_rcc_ex.o
                0x0000000008004ff8                HAL_RCCEx_GetPeriphCLKFreq
 .text.SPI_WaitFlagStateUntilTimeout.constprop.0
                0x0000000008005044       0xa8 ./Drivers/STM32F4xx_HAL_Driver/stm32f4xx_hal_spi.o
 .text.SPI_EndRxTxTransaction
                0x00000000080050ec       0x58 ./Drivers/STM32F4xx_HAL_Driver/stm32f4xx_hal_spi.o
 .text.HAL_SPI_Init
                0x0000000008005144       0xb8 ./Drivers/STM32F4xx_HAL_Driver/stm32f4xx_hal_spi.o
                0x0000000008005144                HAL_SPI_Init
 .text.HAL_SPI_TransmitReceive
                0x00000000080051fc      0x1de ./Drivers/STM32F4xx_HAL_Driver/stm32f4xx_hal_spi.o
                0x00000000080051fc                HAL_SPI_TransmitReceive
 *fill*         0x00000000080053da        0x2 
 .text.HAL_SPI_Transmit_DMA
                0x00000000080053dc       0xc8 ./Drivers/STM32F4xx_HAL_Driver/stm32f4xx_hal_spi.o
                0x00000000080053dc                HAL_SPI_Transmit_DMA
 .text.HAL_SPI_TxHalfCpltCallback
                0x00000000080054a4        0x2 ./Drivers/STM32F4xx_HAL_Driver/stm32f4xx_hal_spi.o
                0x00000000080054a4                HAL_SPI_TxHalfCpltCallback
 .text.SPI_DMAHalfTransmitCplt
                0x00000000080054a6        0xa ./Drivers/STM32F4xx_HAL_Driver/stm32f4xx_hal_spi.o
 .text.HAL_SPI_ErrorCallback
                0x00000000080054b0        0x2 ./Drivers/STM32F4xx_HAL_Driver/stm32f4xx_hal_spi.o
                0x00000000080054b0                HAL_SPI_ErrorCallback
 .text.SPI_DMAError
                0x00000000080054b2       0x22 ./Drivers/STM32F4xx_HAL_Driver/stm32f4xx_hal_spi.o
 .text.SPI_DMATransmitCplt
                0x00000000080054d4       0x6a ./Drivers/STM32F4xx_HAL_Driver/stm32f4xx_hal_spi.o
 *fill*         0x000000000800553e        0x2 
 .text.HAL_TIM_Base_Start
                0x0000000008005540       0x5c ./Drivers/STM32F4xx_HAL_Driver/stm32f4xx_hal_tim.o
                0x0000000008005540                HAL_TIM_Base_Start
 .text.HAL_TIM_Encoder_Start
                0x000000000800559c       0xb6 ./Drivers/STM32F4xx_HAL_Driver/stm32f4xx_hal_tim.o
                0x000000000800559c                HAL_TIM_Encoder_Start
 *fill*         0x0000000008005652        0x2 
 .text.TIM_Base_SetConfig
                0x0000000008005654       0x9c ./Drivers/STM32F4xx_HAL_Driver/stm32f4xx_hal_tim.o
                0x0000000008005654                TIM_Base_SetConfig
 .text.HAL_TIM_Base_Init
                0x00000000080056f0       0x58 ./Drivers/STM32F4xx_HAL_Driver/stm32f4xx_hal_tim.o
                0x00000000080056f0                HAL_TIM_Base_Init
 .text.HAL_TIM_Encoder_Init
                0x0000000008005748       0xaa ./Drivers/STM32F4xx_HAL_Driver/stm32f4xx_hal_tim.o
                0x0000000008005748                HAL_TIM_Encoder_Init
 .text.TIM_ETR_SetConfig
                0x00000000080057f2       0x14 ./Drivers/STM32F4xx_HAL_Driver/stm32f4xx_hal_tim.o
                0x00000000080057f2                TIM_ETR_SetConfig
 .text.HAL_TIM_ConfigClockSource
                0x0000000008005806      0x138 ./Drivers/STM32F4xx_HAL_Driver/stm32f4xx_hal_tim.o
                0x0000000008005806                HAL_TIM_ConfigClockSource
 *fill*         0x000000000800593e        0x2 
 .text.HAL_TIMEx_MasterConfigSynchronization
                0x0000000008005940       0x6c ./Drivers/STM32F4xx_HAL_Driver/stm32f4xx_hal_tim_ex.o
                0x0000000008005940                HAL_TIMEx_MasterConfigSynchronization
 .text.UART_SetConfig
                0x00000000080059ac       0xbc ./Drivers/STM32F4xx_HAL_Driver/stm32f4xx_hal_uart.o
 .text.UART_WaitOnFlagUntilTimeout.constprop.0
                0x0000000008005a68       0x6c ./Drivers/STM32F4xx_HAL_Driver/stm32f4xx_hal_uart.o
 .text.HAL_UART_Init
                0x0000000008005ad4       0x5c ./Drivers/STM32F4xx_HAL_Driver/stm32f4xx_hal_uart.o
                0x0000000008005ad4                HAL_UART_Init
 .text.HAL_UART_Transmit
                0x0000000008005b30       0xaa ./Drivers/STM32F4xx_HAL_Driver/stm32f4xx_hal_uart.o
                0x0000000008005b30                HAL_UART_Transmit
 .text.LL_GPIO_Init
                0x0000000008005bda      0x13c ./Drivers/STM32F4xx_HAL_Driver/stm32f4xx_ll_gpio.o
                0x0000000008005bda                LL_GPIO_Init
 *fill*         0x0000000008005d16        0x2 
 .text.LL_TIM_Init
                0x0000000008005d18       0x98 ./Drivers/STM32F4xx_HAL_Driver/stm32f4xx_ll_tim.o
                0x0000000008005d18                LL_TIM_Init
 .text.LL_TIM_OC_Init
                0x0000000008005db0      0x190 ./Drivers/STM32F4xx_HAL_Driver/stm32f4xx_ll_tim.o
                0x0000000008005db0                LL_TIM_OC_Init
 .text.LL_TIM_BDTR_Init
                0x0000000008005f40       0x34 ./Drivers/STM32F4xx_HAL_Driver/stm32f4xx_ll_tim.o
                0x0000000008005f40                LL_TIM_BDTR_Init
 .text.USB_CoreReset
                0x0000000008005f74       0x48 ./Drivers/STM32F4xx_HAL_Driver/stm32f4xx_ll_usb.o
 .text.USB_CoreInit
                0x0000000008005fbc       0x80 ./Drivers/STM32F4xx_HAL_Driver/stm32f4xx_ll_usb.o
                0x0000000008005fbc                USB_CoreInit
 .text.USB_SetTurnaroundTime
                0x000000000800603c       0xe0 ./Drivers/STM32F4xx_HAL_Driver/stm32f4xx_ll_usb.o
                0x000000000800603c                USB_SetTurnaroundTime
 .text.USB_EnableGlobalInt
                0x000000000800611c        0xc ./Drivers/STM32F4xx_HAL_Driver/stm32f4xx_ll_usb.o
                0x000000000800611c                USB_EnableGlobalInt
 .text.USB_DisableGlobalInt
                0x0000000008006128        0xc ./Drivers/STM32F4xx_HAL_Driver/stm32f4xx_ll_usb.o
                0x0000000008006128                USB_DisableGlobalInt
 .text.USB_SetCurrentMode
                0x0000000008006134       0x60 ./Drivers/STM32F4xx_HAL_Driver/stm32f4xx_ll_usb.o
                0x0000000008006134                USB_SetCurrentMode
 .text.USB_FlushTxFifo
                0x0000000008006194       0x30 ./Drivers/STM32F4xx_HAL_Driver/stm32f4xx_ll_usb.o
                0x0000000008006194                USB_FlushTxFifo
 .text.USB_FlushRxFifo
                0x00000000080061c4       0x2c ./Drivers/STM32F4xx_HAL_Driver/stm32f4xx_ll_usb.o
                0x00000000080061c4                USB_FlushRxFifo
 .text.USB_SetDevSpeed
                0x00000000080061f0        0xe ./Drivers/STM32F4xx_HAL_Driver/stm32f4xx_ll_usb.o
                0x00000000080061f0                USB_SetDevSpeed
 *fill*         0x00000000080061fe        0x2 
 .text.USB_DevInit
                0x0000000008006200      0x170 ./Drivers/STM32F4xx_HAL_Driver/stm32f4xx_ll_usb.o
                0x0000000008006200                USB_DevInit
 .text.USB_GetDevSpeed
                0x0000000008006370       0x16 ./Drivers/STM32F4xx_HAL_Driver/stm32f4xx_ll_usb.o
                0x0000000008006370                USB_GetDevSpeed
 .text.USB_ActivateEndpoint
                0x0000000008006386       0x7c ./Drivers/STM32F4xx_HAL_Driver/stm32f4xx_ll_usb.o
                0x0000000008006386                USB_ActivateEndpoint
 *fill*         0x0000000008006402        0x2 
 .text.USB_DeactivateEndpoint
                0x0000000008006404       0xac ./Drivers/STM32F4xx_HAL_Driver/stm32f4xx_ll_usb.o
                0x0000000008006404                USB_DeactivateEndpoint
 .text.USB_EP0StartXfer
                0x00000000080064b0       0xf4 ./Drivers/STM32F4xx_HAL_Driver/stm32f4xx_ll_usb.o
                0x00000000080064b0                USB_EP0StartXfer
 .text.USB_WritePacket
                0x00000000080065a4       0x26 ./Drivers/STM32F4xx_HAL_Driver/stm32f4xx_ll_usb.o
                0x00000000080065a4                USB_WritePacket
 *fill*         0x00000000080065ca        0x2 
 .text.USB_EPStartXfer
                0x00000000080065cc      0x1dc ./Drivers/STM32F4xx_HAL_Driver/stm32f4xx_ll_usb.o
                0x00000000080065cc                USB_EPStartXfer
 .text.USB_ReadPacket
                0x00000000080067a8       0x46 ./Drivers/STM32F4xx_HAL_Driver/stm32f4xx_ll_usb.o
                0x00000000080067a8                USB_ReadPacket
 .text.USB_EPSetStall
                0x00000000080067ee       0x56 ./Drivers/STM32F4xx_HAL_Driver/stm32f4xx_ll_usb.o
                0x00000000080067ee                USB_EPSetStall
 .text.USB_EPClearStall
                0x0000000008006844       0x52 ./Drivers/STM32F4xx_HAL_Driver/stm32f4xx_ll_usb.o
                0x0000000008006844                USB_EPClearStall
 .text.USB_SetDevAddress
                0x0000000008006896       0x20 ./Drivers/STM32F4xx_HAL_Driver/stm32f4xx_ll_usb.o
                0x0000000008006896                USB_SetDevAddress
 .text.USB_DevConnect
                0x00000000080068b6       0x1c ./Drivers/STM32F4xx_HAL_Driver/stm32f4xx_ll_usb.o
                0x00000000080068b6                USB_DevConnect
 .text.USB_DevDisconnect
                0x00000000080068d2       0x1c ./Drivers/STM32F4xx_HAL_Driver/stm32f4xx_ll_usb.o
                0x00000000080068d2                USB_DevDisconnect
 .text.USB_ReadInterrupts
                0x00000000080068ee        0x8 ./Drivers/STM32F4xx_HAL_Driver/stm32f4xx_ll_usb.o
                0x00000000080068ee                USB_ReadInterrupts
 .text.USB_ReadDevAllOutEpInterrupt
                0x00000000080068f6       0x10 ./Drivers/STM32F4xx_HAL_Driver/stm32f4xx_ll_usb.o
                0x00000000080068f6                USB_ReadDevAllOutEpInterrupt
 .text.USB_ReadDevAllInEpInterrupt
                0x0000000008006906       0x10 ./Drivers/STM32F4xx_HAL_Driver/stm32f4xx_ll_usb.o
                0x0000000008006906                USB_ReadDevAllInEpInterrupt
 .text.USB_ReadDevOutEPInterrupt
                0x0000000008006916       0x12 ./Drivers/STM32F4xx_HAL_Driver/stm32f4xx_ll_usb.o
                0x0000000008006916                USB_ReadDevOutEPInterrupt
 .text.USB_ReadDevInEPInterrupt
                0x0000000008006928       0x24 ./Drivers/STM32F4xx_HAL_Driver/stm32f4xx_ll_usb.o
                0x0000000008006928                USB_ReadDevInEPInterrupt
 .text.USB_GetMode
                0x000000000800694c        0x8 ./Drivers/STM32F4xx_HAL_Driver/stm32f4xx_ll_usb.o
                0x000000000800694c                USB_GetMode
 .text.USB_ActivateSetup
                0x0000000008006954       0x20 ./Drivers/STM32F4xx_HAL_Driver/stm32f4xx_ll_usb.o
                0x0000000008006954                USB_ActivateSetup
 .text.USB_EP0_OutStart
                0x0000000008006974       0x4c ./Drivers/STM32F4xx_HAL_Driver/stm32f4xx_ll_usb.o
                0x0000000008006974                USB_EP0_OutStart
 .text.USBD_AUDIO_GetCfgDesc
                0x00000000080069c0        0xc ./Middlewares/USB_Device_Library/usbd_audio.o
 .text.USBD_AUDIO_DataIn
                0x00000000080069cc        0x4 ./Middlewares/USB_Device_Library/usbd_audio.o
 .text.USBD_AUDIO_EP0_RxReady
                0x00000000080069d0       0x3e ./Middlewares/USB_Device_Library/usbd_audio.o
 .text.USBD_AUDIO_EP0_TxReady
                0x0000000008006a0e        0x4 ./Middlewares/USB_Device_Library/usbd_audio.o
 *fill*         0x0000000008006a12        0x2 
 .text.USBD_AUDIO_GetDeviceQualifierDesc
                0x0000000008006a14        0xc ./Middlewares/USB_Device_Library/usbd_audio.o
 .text.USBD_AUDIO_DataOut
                0x0000000008006a20       0x98 ./Middlewares/USB_Device_Library/usbd_audio.o
 .text.USBD_AUDIO_DeInit
                0x0000000008006ab8       0x30 ./Middlewares/USB_Device_Library/usbd_audio.o
 .text.USBD_AUDIO_Init
                0x0000000008006ae8       0x6a ./Middlewares/USB_Device_Library/usbd_audio.o
 *fill*         0x0000000008006b52        0x2 
 .text.USBD_AUDIO_Setup
                0x0000000008006b54      0x11c ./Middlewares/USB_Device_Library/usbd_audio.o
 .text.USBD_AUDIO_IsoINIncomplete
                0x0000000008006c70        0x4 ./Middlewares/USB_Device_Library/usbd_audio.o
 .text.USBD_AUDIO_IsoOutIncomplete
                0x0000000008006c74        0x4 ./Middlewares/USB_Device_Library/usbd_audio.o
 .text.USBD_AUDIO_SOF
                0x0000000008006c78        0x4 ./Middlewares/USB_Device_Library/usbd_audio.o
 .text.USBD_AUDIO_RegisterInterface
                0x0000000008006c7c        0xe ./Middlewares/USB_Device_Library/usbd_audio.o
                0x0000000008006c7c                USBD_AUDIO_RegisterInterface
 .text.USBD_Init
                0x0000000008006c8a       0x26 ./Middlewares/USB_Device_Library/usbd_core.o
                0x0000000008006c8a                USBD_Init
 .text.USBD_RegisterClass
                0x0000000008006cb0       0x2c ./Middlewares/USB_Device_Library/usbd_core.o
                0x0000000008006cb0                USBD_RegisterClass
 .text.USBD_Start
                0x0000000008006cdc        0x4 ./Middlewares/USB_Device_Library/usbd_core.o
                0x0000000008006cdc                USBD_Start
 .text.USBD_SetClassConfig
                0x0000000008006ce0        0xe ./Middlewares/USB_Device_Library/usbd_core.o
                0x0000000008006ce0                USBD_SetClassConfig
 .text.USBD_ClrClassConfig
                0x0000000008006cee       0x10 ./Middlewares/USB_Device_Library/usbd_core.o
                0x0000000008006cee                USBD_ClrClassConfig
 .text.USBD_LL_SetupStage
                0x0000000008006cfe       0x60 ./Middlewares/USB_Device_Library/usbd_core.o
                0x0000000008006cfe                USBD_LL_SetupStage
 .text.USBD_LL_DataOutStage
                0x0000000008006d5e       0x60 ./Middlewares/USB_Device_Library/usbd_core.o
                0x0000000008006d5e                USBD_LL_DataOutStage
 .text.USBD_LL_DataInStage
                0x0000000008006dbe       0xa4 ./Middlewares/USB_Device_Library/usbd_core.o
                0x0000000008006dbe                USBD_LL_DataInStage
 .text.USBD_LL_Reset
                0x0000000008006e62       0x58 ./Middlewares/USB_Device_Library/usbd_core.o
                0x0000000008006e62                USBD_LL_Reset
 .text.USBD_LL_SetSpeed
                0x0000000008006eba        0x6 ./Middlewares/USB_Device_Library/usbd_core.o
                0x0000000008006eba                USBD_LL_SetSpeed
 .text.USBD_LL_Suspend
                0x0000000008006ec0       0x14 ./Middlewares/USB_Device_Library/usbd_core.o
                0x0000000008006ec0                USBD_LL_Suspend
 .text.USBD_LL_Resume
                0x0000000008006ed4       0x16 ./Middlewares/USB_Device_Library/usbd_core.o
                0x0000000008006ed4                USBD_LL_Resume
 .text.USBD_LL_SOF
                0x0000000008006eea       0x22 ./Middlewares/USB_Device_Library/usbd_core.o
                0x0000000008006eea                USBD_LL_SOF
 .text.USBD_LL_IsoINIncomplete
                0x0000000008006f0c       0x22 ./Middlewares/USB_Device_Library/usbd_core.o
                0x0000000008006f0c                USBD_LL_IsoINIncomplete
 .text.USBD_LL_IsoOUTIncomplete
                0x0000000008006f2e       0x22 ./Middlewares/USB_Device_Library/usbd_core.o
                0x0000000008006f2e                USBD_LL_IsoOUTIncomplete
 .text.USBD_LL_DevConnected
                0x0000000008006f50        0x4 ./Middlewares/USB_Device_Library/usbd_core.o
                0x0000000008006f50                USBD_LL_DevConnected
 .text.USBD_LL_DevDisconnected
                0x0000000008006f54       0x18 ./Middlewares/USB_Device_Library/usbd_core.o
                0x0000000008006f54                USBD_LL_DevDisconnected
 .text.USBD_CtlError.constprop.0
                0x0000000008006f6c       0x16 ./Middlewares/USB_Device_Library/usbd_ctlreq.o
 *fill*         0x0000000008006f82        0x2 
 .text.USBD_StdDevReq
                0x0000000008006f84      0x280 ./Middlewares/USB_Device_Library/usbd_ctlreq.o
                0x0000000008006f84                USBD_StdDevReq
 .text.USBD_StdItfReq
                0x0000000008007204       0x4c ./Middlewares/USB_Device_Library/usbd_ctlreq.o
                0x0000000008007204                USBD_StdItfReq
 .text.USBD_StdEPReq
                0x0000000008007250      0x11e ./Middlewares/USB_Device_Library/usbd_ctlreq.o
                0x0000000008007250                USBD_StdEPReq
 .text.USBD_ParseSetupRequest
                0x000000000800736e       0x28 ./Middlewares/USB_Device_Library/usbd_ctlreq.o
                0x000000000800736e                USBD_ParseSetupRequest
 .text.USBD_CtlError
                0x0000000008007396       0x16 ./Middlewares/USB_Device_Library/usbd_ctlreq.o
                0x0000000008007396                USBD_CtlError
 .text.USBD_GetString
                0x00000000080073ac       0x38 ./Middlewares/USB_Device_Library/usbd_ctlreq.o
                0x00000000080073ac                USBD_GetString
 .text.USBD_CtlSendData
                0x00000000080073e4       0x1a ./Middlewares/USB_Device_Library/usbd_ioreq.o
                0x00000000080073e4                USBD_CtlSendData
 .text.USBD_CtlContinueSendData
                0x00000000080073fe       0x10 ./Middlewares/USB_Device_Library/usbd_ioreq.o
                0x00000000080073fe                USBD_CtlContinueSendData
 .text.USBD_CtlPrepareRx
                0x000000000800740e       0x1a ./Middlewares/USB_Device_Library/usbd_ioreq.o
                0x000000000800740e                USBD_CtlPrepareRx
 .text.USBD_CtlContinueRx
                0x0000000008007428       0x10 ./Middlewares/USB_Device_Library/usbd_ioreq.o
                0x0000000008007428                USBD_CtlContinueRx
 .text.USBD_CtlSendStatus
                0x0000000008007438       0x16 ./Middlewares/USB_Device_Library/usbd_ioreq.o
                0x0000000008007438                USBD_CtlSendStatus
 .text.USBD_CtlReceiveStatus
                0x000000000800744e       0x16 ./Middlewares/USB_Device_Library/usbd_ioreq.o
                0x000000000800744e                USBD_CtlReceiveStatus
 .text.MX_USB_DEVICE_Init
                0x0000000008007464       0x50 ./USB_DEVICE/App/usb_device.o
                0x0000000008007464                MX_USB_DEVICE_Init
 .text.AUDIO_DeInit_FS
                0x00000000080074b4        0x4 ./USB_DEVICE/App/usbd_audio_if.o
 .text.AUDIO_VolumeCtl_FS
                0x00000000080074b8        0x4 ./USB_DEVICE/App/usbd_audio_if.o
 .text.AUDIO_GetState_FS
                0x00000000080074bc        0x4 ./USB_DEVICE/App/usbd_audio_if.o
 .text.AUDIO_PeriodicTC_FS
                0x00000000080074c0        0xa ./USB_DEVICE/App/usbd_audio_if.o
 .text.AUDIO_AudioCmd_FS
                0x00000000080074ca       0x10 ./USB_DEVICE/App/usbd_audio_if.o
 .text.AUDIO_Init_FS
                0x00000000080074da        0xa ./USB_DEVICE/App/usbd_audio_if.o
 .text.AUDIO_MuteCtl_FS
                0x00000000080074e4        0x4 ./USB_DEVICE/App/usbd_audio_if.o
 .text.USBD_FS_DeviceDescriptor
                0x00000000080074e8        0xc ./USB_DEVICE/App/usbd_desc.o
                0x00000000080074e8                USBD_FS_DeviceDescriptor
 .text.USBD_FS_LangIDStrDescriptor
                0x00000000080074f4        0xc ./USB_DEVICE/App/usbd_desc.o
                0x00000000080074f4                USBD_FS_LangIDStrDescriptor
 .text.IntToUnicode
                0x0000000008007500       0x2a ./USB_DEVICE/App/usbd_desc.o
 *fill*         0x000000000800752a        0x2 
 .text.USBD_FS_SerialStrDescriptor
                0x000000000800752c       0x40 ./USB_DEVICE/App/usbd_desc.o
                0x000000000800752c                USBD_FS_SerialStrDescriptor
 .text.USBD_FS_ManufacturerStrDescriptor
                0x000000000800756c       0x1c ./USB_DEVICE/App/usbd_desc.o
                0x000000000800756c                USBD_FS_ManufacturerStrDescriptor
 .text.USBD_FS_ProductStrDescriptor
                0x0000000008007588       0x1c ./USB_DEVICE/App/usbd_desc.o
                0x0000000008007588                USBD_FS_ProductStrDescriptor
 .text.USBD_FS_ConfigStrDescriptor
                0x00000000080075a4       0x1c ./USB_DEVICE/App/usbd_desc.o
                0x00000000080075a4                USBD_FS_ConfigStrDescriptor
 .text.USBD_FS_InterfaceStrDescriptor
                0x00000000080075c0       0x1c ./USB_DEVICE/App/usbd_desc.o
                0x00000000080075c0                USBD_FS_InterfaceStrDescriptor
 .text.HAL_PCD_MspInit
                0x00000000080075dc       0x84 ./USB_DEVICE/Target/usbd_conf.o
                0x00000000080075dc                HAL_PCD_MspInit
 .text.HAL_PCD_SetupStageCallback
                0x0000000008007660        0xc ./USB_DEVICE/Target/usbd_conf.o
                0x0000000008007660                HAL_PCD_SetupStageCallback
 .text.HAL_PCD_DataOutStageCallback
                0x000000000800766c       0x12 ./USB_DEVICE/Target/usbd_conf.o
                0x000000000800766c                HAL_PCD_DataOutStageCallback
 .text.HAL_PCD_DataInStageCallback
                0x000000000800767e       0x10 ./USB_DEVICE/Target/usbd_conf.o
                0x000000000800767e                HAL_PCD_DataInStageCallback
 .text.HAL_PCD_SOFCallback
                0x000000000800768e        0x8 ./USB_DEVICE/Target/usbd_conf.o
                0x000000000800768e                HAL_PCD_SOFCallback
 .text.HAL_PCD_ResetCallback
                0x0000000008007696       0x26 ./USB_DEVICE/Target/usbd_conf.o
                0x0000000008007696                HAL_PCD_ResetCallback
 .text.HAL_PCD_SuspendCallback
                0x00000000080076bc       0x30 ./USB_DEVICE/Target/usbd_conf.o
                0x00000000080076bc                HAL_PCD_SuspendCallback
 .text.HAL_PCD_ResumeCallback
                0x00000000080076ec        0x8 ./USB_DEVICE/Target/usbd_conf.o
                0x00000000080076ec                HAL_PCD_ResumeCallback
 .text.HAL_PCD_ISOOUTIncompleteCallback
                0x00000000080076f4        0x8 ./USB_DEVICE/Target/usbd_conf.o
                0x00000000080076f4                HAL_PCD_ISOOUTIncompleteCallback
 .text.HAL_PCD_ISOINIncompleteCallback
                0x00000000080076fc        0x8 ./USB_DEVICE/Target/usbd_conf.o
                0x00000000080076fc                HAL_PCD_ISOINIncompleteCallback
 .text.HAL_PCD_ConnectCallback
                0x0000000008007704        0x8 ./USB_DEVICE/Target/usbd_conf.o
                0x0000000008007704                HAL_PCD_ConnectCallback
 .text.HAL_PCD_DisconnectCallback
                0x000000000800770c        0x8 ./USB_DEVICE/Target/usbd_conf.o
                0x000000000800770c                HAL_PCD_DisconnectCallback
 .text.USBD_LL_Init
                0x0000000008007714       0x5c ./USB_DEVICE/Target/usbd_conf.o
                0x0000000008007714                USBD_LL_Init
 .text.USBD_LL_Start
                0x0000000008007770       0x1c ./USB_DEVICE/Target/usbd_conf.o
                0x0000000008007770                USBD_LL_Start
 .text.USBD_LL_OpenEP
                0x000000000800778c       0x20 ./USB_DEVICE/Target/usbd_conf.o
                0x000000000800778c                USBD_LL_OpenEP
 .text.USBD_LL_CloseEP
                0x00000000080077ac       0x1c ./USB_DEVICE/Target/usbd_conf.o
                0x00000000080077ac                USBD_LL_CloseEP
 .text.USBD_LL_StallEP
                0x00000000080077c8       0x1c ./USB_DEVICE/Target/usbd_conf.o
                0x00000000080077c8                USBD_LL_StallEP
 .text.USBD_LL_ClearStallEP
                0x00000000080077e4       0x1c ./USB_DEVICE/Target/usbd_conf.o
                0x00000000080077e4                USBD_LL_ClearStallEP
 .text.USBD_LL_IsStallEP
                0x0000000008007800       0x26 ./USB_DEVICE/Target/usbd_conf.o
                0x0000000008007800                USBD_LL_IsStallEP
 *fill*         0x0000000008007826        0x2 
 .text.USBD_LL_SetUSBAddress
                0x0000000008007828       0x1c ./USB_DEVICE/Target/usbd_conf.o
                0x0000000008007828                USBD_LL_SetUSBAddress
 .text.USBD_LL_Transmit
                0x0000000008007844       0x1c ./USB_DEVICE/Target/usbd_conf.o
                0x0000000008007844                USBD_LL_Transmit
 .text.USBD_LL_PrepareReceive
                0x0000000008007860       0x1c ./USB_DEVICE/Target/usbd_conf.o
                0x0000000008007860                USBD_LL_PrepareReceive
 .text.USBD_LL_GetRxDataSize
                0x000000000800787c        0x8 ./USB_DEVICE/Target/usbd_conf.o
                0x000000000800787c                USBD_LL_GetRxDataSize
 .text.USBD_static_malloc
                0x0000000008007884        0x8 ./USB_DEVICE/Target/usbd_conf.o
                0x0000000008007884                USBD_static_malloc
 .text.USBD_static_free
                0x000000000800788c        0x2 ./USB_DEVICE/Target/usbd_conf.o
                0x000000000800788c                USBD_static_free
 *fill*         0x000000000800788e        0x2 
 .text.__errno  0x0000000008007890        0xc c:/st/stm32cubeide_1.7.0/stm32cubeide/plugins/com.st.stm32cube.ide.mcu.externaltools.gnu-tools-for-stm32.9-2020-q2-update.win32_2.0.0.202105311346/tools/bin/../lib/gcc/arm-none-eabi/9.3.1/../../../../arm-none-eabi/lib/thumb/v7e-m+fp/hard\libc_nano.a(lib_a-errno.o)
                0x0000000008007890                __errno
 .text.__libc_init_array
                0x000000000800789c       0x48 c:/st/stm32cubeide_1.7.0/stm32cubeide/plugins/com.st.stm32cube.ide.mcu.externaltools.gnu-tools-for-stm32.9-2020-q2-update.win32_2.0.0.202105311346/tools/bin/../lib/gcc/arm-none-eabi/9.3.1/../../../../arm-none-eabi/lib/thumb/v7e-m+fp/hard\libc_nano.a(lib_a-init.o)
                0x000000000800789c                __libc_init_array
 .text.memset   0x00000000080078e4       0x10 c:/st/stm32cubeide_1.7.0/stm32cubeide/plugins/com.st.stm32cube.ide.mcu.externaltools.gnu-tools-for-stm32.9-2020-q2-update.win32_2.0.0.202105311346/tools/bin/../lib/gcc/arm-none-eabi/9.3.1/../../../../arm-none-eabi/lib/thumb/v7e-m+fp/hard\libc_nano.a(lib_a-memset.o)
                0x00000000080078e4                memset
 .text.__cvt    0x00000000080078f4       0xc4 c:/st/stm32cubeide_1.7.0/stm32cubeide/plugins/com.st.stm32cube.ide.mcu.externaltools.gnu-tools-for-stm32.9-2020-q2-update.win32_2.0.0.202105311346/tools/bin/../lib/gcc/arm-none-eabi/9.3.1/../../../../arm-none-eabi/lib/thumb/v7e-m+fp/hard\libc_nano.a(lib_a-nano-vfprintf_float.o)
                0x00000000080078f4                __cvt
 .text.__exponent
                0x00000000080079b8       0x7c c:/st/stm32cubeide_1.7.0/stm32cubeide/plugins/com.st.stm32cube.ide.mcu.externaltools.gnu-tools-for-stm32.9-2020-q2-update.win32_2.0.0.202105311346/tools/bin/../lib/gcc/arm-none-eabi/9.3.1/../../../../arm-none-eabi/lib/thumb/v7e-m+fp/hard\libc_nano.a(lib_a-nano-vfprintf_float.o)
                0x00000000080079b8                __exponent
 .text._printf_float
                0x0000000008007a34      0x46c c:/st/stm32cubeide_1.7.0/stm32cubeide/plugins/com.st.stm32cube.ide.mcu.externaltools.gnu-tools-for-stm32.9-2020-q2-update.win32_2.0.0.202105311346/tools/bin/../lib/gcc/arm-none-eabi/9.3.1/../../../../arm-none-eabi/lib/thumb/v7e-m+fp/hard\libc_nano.a(lib_a-nano-vfprintf_float.o)
                0x0000000008007a34                _printf_float
 .text._printf_common
                0x0000000008007ea0       0xda c:/st/stm32cubeide_1.7.0/stm32cubeide/plugins/com.st.stm32cube.ide.mcu.externaltools.gnu-tools-for-stm32.9-2020-q2-update.win32_2.0.0.202105311346/tools/bin/../lib/gcc/arm-none-eabi/9.3.1/../../../../arm-none-eabi/lib/thumb/v7e-m+fp/hard\libc_nano.a(lib_a-nano-vfprintf_i.o)
                0x0000000008007ea0                _printf_common
 *fill*         0x0000000008007f7a        0x2 
 .text._printf_i
                0x0000000008007f7c      0x24c c:/st/stm32cubeide_1.7.0/stm32cubeide/plugins/com.st.stm32cube.ide.mcu.externaltools.gnu-tools-for-stm32.9-2020-q2-update.win32_2.0.0.202105311346/tools/bin/../lib/gcc/arm-none-eabi/9.3.1/../../../../arm-none-eabi/lib/thumb/v7e-m+fp/hard\libc_nano.a(lib_a-nano-vfprintf_i.o)
                0x0000000008007f7c                _printf_i
 .text.printf   0x00000000080081c8       0x30 c:/st/stm32cubeide_1.7.0/stm32cubeide/plugins/com.st.stm32cube.ide.mcu.externaltools.gnu-tools-for-stm32.9-2020-q2-update.win32_2.0.0.202105311346/tools/bin/../lib/gcc/arm-none-eabi/9.3.1/../../../../arm-none-eabi/lib/thumb/v7e-m+fp/hard\libc_nano.a(lib_a-printf.o)
                0x00000000080081c8                iprintf
                0x00000000080081c8                printf
 .text._puts_r  0x00000000080081f8       0xdc c:/st/stm32cubeide_1.7.0/stm32cubeide/plugins/com.st.stm32cube.ide.mcu.externaltools.gnu-tools-for-stm32.9-2020-q2-update.win32_2.0.0.202105311346/tools/bin/../lib/gcc/arm-none-eabi/9.3.1/../../../../arm-none-eabi/lib/thumb/v7e-m+fp/hard\libc_nano.a(lib_a-puts.o)
                0x00000000080081f8                _puts_r
 .text.puts     0x00000000080082d4       0x10 c:/st/stm32cubeide_1.7.0/stm32cubeide/plugins/com.st.stm32cube.ide.mcu.externaltools.gnu-tools-for-stm32.9-2020-q2-update.win32_2.0.0.202105311346/tools/bin/../lib/gcc/arm-none-eabi/9.3.1/../../../../arm-none-eabi/lib/thumb/v7e-m+fp/hard\libc_nano.a(lib_a-puts.o)
                0x00000000080082d4                puts
 .text.__swbuf_r
                0x00000000080082e4       0xa4 c:/st/stm32cubeide_1.7.0/stm32cubeide/plugins/com.st.stm32cube.ide.mcu.externaltools.gnu-tools-for-stm32.9-2020-q2-update.win32_2.0.0.202105311346/tools/bin/../lib/gcc/arm-none-eabi/9.3.1/../../../../arm-none-eabi/lib/thumb/v7e-m+fp/hard\libc_nano.a(lib_a-wbuf.o)
                0x00000000080082e4                __swbuf_r
 .text.__swsetup_r
                0x0000000008008388       0xdc c:/st/stm32cubeide_1.7.0/stm32cubeide/plugins/com.st.stm32cube.ide.mcu.externaltools.gnu-tools-for-stm32.9-2020-q2-update.win32_2.0.0.202105311346/tools/bin/../lib/gcc/arm-none-eabi/9.3.1/../../../../arm-none-eabi/lib/thumb/v7e-m+fp/hard\libc_nano.a(lib_a-wsetup.o)
                0x0000000008008388                __swsetup_r
 .text.quorem   0x0000000008008464      0x116 c:/st/stm32cubeide_1.7.0/stm32cubeide/plugins/com.st.stm32cube.ide.mcu.externaltools.gnu-tools-for-stm32.9-2020-q2-update.win32_2.0.0.202105311346/tools/bin/../lib/gcc/arm-none-eabi/9.3.1/../../../../arm-none-eabi/lib/thumb/v7e-m+fp/hard\libc_nano.a(lib_a-dtoa.o)
 *fill*         0x000000000800857a        0x6 
 .text._dtoa_r  0x0000000008008580      0xbd8 c:/st/stm32cubeide_1.7.0/stm32cubeide/plugins/com.st.stm32cube.ide.mcu.externaltools.gnu-tools-for-stm32.9-2020-q2-update.win32_2.0.0.202105311346/tools/bin/../lib/gcc/arm-none-eabi/9.3.1/../../../../arm-none-eabi/lib/thumb/v7e-m+fp/hard\libc_nano.a(lib_a-dtoa.o)
                0x0000000008008580                _dtoa_r
 .text.__sflush_r
                0x0000000008009158      0x10c c:/st/stm32cubeide_1.7.0/stm32cubeide/plugins/com.st.stm32cube.ide.mcu.externaltools.gnu-tools-for-stm32.9-2020-q2-update.win32_2.0.0.202105311346/tools/bin/../lib/gcc/arm-none-eabi/9.3.1/../../../../arm-none-eabi/lib/thumb/v7e-m+fp/hard\libc_nano.a(lib_a-fflush.o)
                0x0000000008009158                __sflush_r
 .text._fflush_r
                0x0000000008009264       0x78 c:/st/stm32cubeide_1.7.0/stm32cubeide/plugins/com.st.stm32cube.ide.mcu.externaltools.gnu-tools-for-stm32.9-2020-q2-update.win32_2.0.0.202105311346/tools/bin/../lib/gcc/arm-none-eabi/9.3.1/../../../../arm-none-eabi/lib/thumb/v7e-m+fp/hard\libc_nano.a(lib_a-fflush.o)
                0x0000000008009264                _fflush_r
 .text.std      0x00000000080092dc       0x48 c:/st/stm32cubeide_1.7.0/stm32cubeide/plugins/com.st.stm32cube.ide.mcu.externaltools.gnu-tools-for-stm32.9-2020-q2-update.win32_2.0.0.202105311346/tools/bin/../lib/gcc/arm-none-eabi/9.3.1/../../../../arm-none-eabi/lib/thumb/v7e-m+fp/hard\libc_nano.a(lib_a-findfp.o)
 .text._cleanup_r
                0x0000000008009324        0xc c:/st/stm32cubeide_1.7.0/stm32cubeide/plugins/com.st.stm32cube.ide.mcu.externaltools.gnu-tools-for-stm32.9-2020-q2-update.win32_2.0.0.202105311346/tools/bin/../lib/gcc/arm-none-eabi/9.3.1/../../../../arm-none-eabi/lib/thumb/v7e-m+fp/hard\libc_nano.a(lib_a-findfp.o)
                0x0000000008009324                _cleanup_r
 .text.__sfmoreglue
                0x0000000008009330       0x2c c:/st/stm32cubeide_1.7.0/stm32cubeide/plugins/com.st.stm32cube.ide.mcu.externaltools.gnu-tools-for-stm32.9-2020-q2-update.win32_2.0.0.202105311346/tools/bin/../lib/gcc/arm-none-eabi/9.3.1/../../../../arm-none-eabi/lib/thumb/v7e-m+fp/hard\libc_nano.a(lib_a-findfp.o)
                0x0000000008009330                __sfmoreglue
 .text.__sfp_lock_acquire
                0x000000000800935c        0xc c:/st/stm32cubeide_1.7.0/stm32cubeide/plugins/com.st.stm32cube.ide.mcu.externaltools.gnu-tools-for-stm32.9-2020-q2-update.win32_2.0.0.202105311346/tools/bin/../lib/gcc/arm-none-eabi/9.3.1/../../../../arm-none-eabi/lib/thumb/v7e-m+fp/hard\libc_nano.a(lib_a-findfp.o)
                0x000000000800935c                __sfp_lock_acquire
 .text.__sfp_lock_release
                0x0000000008009368        0xc c:/st/stm32cubeide_1.7.0/stm32cubeide/plugins/com.st.stm32cube.ide.mcu.externaltools.gnu-tools-for-stm32.9-2020-q2-update.win32_2.0.0.202105311346/tools/bin/../lib/gcc/arm-none-eabi/9.3.1/../../../../arm-none-eabi/lib/thumb/v7e-m+fp/hard\libc_nano.a(lib_a-findfp.o)
                0x0000000008009368                __sfp_lock_release
 .text.__sinit_lock_acquire
                0x0000000008009374        0xc c:/st/stm32cubeide_1.7.0/stm32cubeide/plugins/com.st.stm32cube.ide.mcu.externaltools.gnu-tools-for-stm32.9-2020-q2-update.win32_2.0.0.202105311346/tools/bin/../lib/gcc/arm-none-eabi/9.3.1/../../../../arm-none-eabi/lib/thumb/v7e-m+fp/hard\libc_nano.a(lib_a-findfp.o)
                0x0000000008009374                __sinit_lock_acquire
 .text.__sinit_lock_release
                0x0000000008009380        0xc c:/st/stm32cubeide_1.7.0/stm32cubeide/plugins/com.st.stm32cube.ide.mcu.externaltools.gnu-tools-for-stm32.9-2020-q2-update.win32_2.0.0.202105311346/tools/bin/../lib/gcc/arm-none-eabi/9.3.1/../../../../arm-none-eabi/lib/thumb/v7e-m+fp/hard\libc_nano.a(lib_a-findfp.o)
                0x0000000008009380                __sinit_lock_release
 .text.__sinit  0x000000000800938c       0x70 c:/st/stm32cubeide_1.7.0/stm32cubeide/plugins/com.st.stm32cube.ide.mcu.externaltools.gnu-tools-for-stm32.9-2020-q2-update.win32_2.0.0.202105311346/tools/bin/../lib/gcc/arm-none-eabi/9.3.1/../../../../arm-none-eabi/lib/thumb/v7e-m+fp/hard\libc_nano.a(lib_a-findfp.o)
                0x000000000800938c                __sinit
 .text.__sfp    0x00000000080093fc       0x8c c:/st/stm32cubeide_1.7.0/stm32cubeide/plugins/com.st.stm32cube.ide.mcu.externaltools.gnu-tools-for-stm32.9-2020-q2-update.win32_2.0.0.202105311346/tools/bin/../lib/gcc/arm-none-eabi/9.3.1/../../../../arm-none-eabi/lib/thumb/v7e-m+fp/hard\libc_nano.a(lib_a-findfp.o)
                0x00000000080093fc                __sfp
 .text._fwalk_reent
                0x0000000008009488       0x3e c:/st/stm32cubeide_1.7.0/stm32cubeide/plugins/com.st.stm32cube.ide.mcu.externaltools.gnu-tools-for-stm32.9-2020-q2-update.win32_2.0.0.202105311346/tools/bin/../lib/gcc/arm-none-eabi/9.3.1/../../../../arm-none-eabi/lib/thumb/v7e-m+fp/hard\libc_nano.a(lib_a-fwalk.o)
                0x0000000008009488                _fwalk_reent
 *fill*         0x00000000080094c6        0x2 
 .text._localeconv_r
                0x00000000080094c8        0x8 c:/st/stm32cubeide_1.7.0/stm32cubeide/plugins/com.st.stm32cube.ide.mcu.externaltools.gnu-tools-for-stm32.9-2020-q2-update.win32_2.0.0.202105311346/tools/bin/../lib/gcc/arm-none-eabi/9.3.1/../../../../arm-none-eabi/lib/thumb/v7e-m+fp/hard\libc_nano.a(lib_a-localeconv.o)
                0x00000000080094c8                _localeconv_r
 .text.__retarget_lock_init_recursive
                0x00000000080094d0        0x2 c:/st/stm32cubeide_1.7.0/stm32cubeide/plugins/com.st.stm32cube.ide.mcu.externaltools.gnu-tools-for-stm32.9-2020-q2-update.win32_2.0.0.202105311346/tools/bin/../lib/gcc/arm-none-eabi/9.3.1/../../../../arm-none-eabi/lib/thumb/v7e-m+fp/hard\libc_nano.a(lib_a-lock.o)
                0x00000000080094d0                __retarget_lock_init_recursive
 .text.__retarget_lock_acquire_recursive
                0x00000000080094d2        0x2 c:/st/stm32cubeide_1.7.0/stm32cubeide/plugins/com.st.stm32cube.ide.mcu.externaltools.gnu-tools-for-stm32.9-2020-q2-update.win32_2.0.0.202105311346/tools/bin/../lib/gcc/arm-none-eabi/9.3.1/../../../../arm-none-eabi/lib/thumb/v7e-m+fp/hard\libc_nano.a(lib_a-lock.o)
                0x00000000080094d2                __retarget_lock_acquire_recursive
 .text.__retarget_lock_release_recursive
                0x00000000080094d4        0x2 c:/st/stm32cubeide_1.7.0/stm32cubeide/plugins/com.st.stm32cube.ide.mcu.externaltools.gnu-tools-for-stm32.9-2020-q2-update.win32_2.0.0.202105311346/tools/bin/../lib/gcc/arm-none-eabi/9.3.1/../../../../arm-none-eabi/lib/thumb/v7e-m+fp/hard\libc_nano.a(lib_a-lock.o)
                0x00000000080094d4                __retarget_lock_release_recursive
 .text.__swhatbuf_r
                0x00000000080094d6       0x48 c:/st/stm32cubeide_1.7.0/stm32cubeide/plugins/com.st.stm32cube.ide.mcu.externaltools.gnu-tools-for-stm32.9-2020-q2-update.win32_2.0.0.202105311346/tools/bin/../lib/gcc/arm-none-eabi/9.3.1/../../../../arm-none-eabi/lib/thumb/v7e-m+fp/hard\libc_nano.a(lib_a-makebuf.o)
                0x00000000080094d6                __swhatbuf_r
 *fill*         0x000000000800951e        0x2 
 .text.__smakebuf_r
                0x0000000008009520       0x80 c:/st/stm32cubeide_1.7.0/stm32cubeide/plugins/com.st.stm32cube.ide.mcu.externaltools.gnu-tools-for-stm32.9-2020-q2-update.win32_2.0.0.202105311346/tools/bin/../lib/gcc/arm-none-eabi/9.3.1/../../../../arm-none-eabi/lib/thumb/v7e-m+fp/hard\libc_nano.a(lib_a-makebuf.o)
                0x0000000008009520                __smakebuf_r
 .text.malloc   0x00000000080095a0       0x10 c:/st/stm32cubeide_1.7.0/stm32cubeide/plugins/com.st.stm32cube.ide.mcu.externaltools.gnu-tools-for-stm32.9-2020-q2-update.win32_2.0.0.202105311346/tools/bin/../lib/gcc/arm-none-eabi/9.3.1/../../../../arm-none-eabi/lib/thumb/v7e-m+fp/hard\libc_nano.a(lib_a-malloc.o)
                0x00000000080095a0                malloc
 .text.memcpy   0x00000000080095b0       0x1c c:/st/stm32cubeide_1.7.0/stm32cubeide/plugins/com.st.stm32cube.ide.mcu.externaltools.gnu-tools-for-stm32.9-2020-q2-update.win32_2.0.0.202105311346/tools/bin/../lib/gcc/arm-none-eabi/9.3.1/../../../../arm-none-eabi/lib/thumb/v7e-m+fp/hard\libc_nano.a(lib_a-memcpy-stub.o)
                0x00000000080095b0                memcpy
 .text._Balloc  0x00000000080095cc       0x80 c:/st/stm32cubeide_1.7.0/stm32cubeide/plugins/com.st.stm32cube.ide.mcu.externaltools.gnu-tools-for-stm32.9-2020-q2-update.win32_2.0.0.202105311346/tools/bin/../lib/gcc/arm-none-eabi/9.3.1/../../../../arm-none-eabi/lib/thumb/v7e-m+fp/hard\libc_nano.a(lib_a-mprec.o)
                0x00000000080095cc                _Balloc
 .text._Bfree   0x000000000800964c       0x44 c:/st/stm32cubeide_1.7.0/stm32cubeide/plugins/com.st.stm32cube.ide.mcu.externaltools.gnu-tools-for-stm32.9-2020-q2-update.win32_2.0.0.202105311346/tools/bin/../lib/gcc/arm-none-eabi/9.3.1/../../../../arm-none-eabi/lib/thumb/v7e-m+fp/hard\libc_nano.a(lib_a-mprec.o)
                0x000000000800964c                _Bfree
 .text.__multadd
                0x0000000008009690       0x94 c:/st/stm32cubeide_1.7.0/stm32cubeide/plugins/com.st.stm32cube.ide.mcu.externaltools.gnu-tools-for-stm32.9-2020-q2-update.win32_2.0.0.202105311346/tools/bin/../lib/gcc/arm-none-eabi/9.3.1/../../../../arm-none-eabi/lib/thumb/v7e-m+fp/hard\libc_nano.a(lib_a-mprec.o)
                0x0000000008009690                __multadd
 .text.__hi0bits
                0x0000000008009724       0x40 c:/st/stm32cubeide_1.7.0/stm32cubeide/plugins/com.st.stm32cube.ide.mcu.externaltools.gnu-tools-for-stm32.9-2020-q2-update.win32_2.0.0.202105311346/tools/bin/../lib/gcc/arm-none-eabi/9.3.1/../../../../arm-none-eabi/lib/thumb/v7e-m+fp/hard\libc_nano.a(lib_a-mprec.o)
                0x0000000008009724                __hi0bits
 .text.__lo0bits
                0x0000000008009764       0x60 c:/st/stm32cubeide_1.7.0/stm32cubeide/plugins/com.st.stm32cube.ide.mcu.externaltools.gnu-tools-for-stm32.9-2020-q2-update.win32_2.0.0.202105311346/tools/bin/../lib/gcc/arm-none-eabi/9.3.1/../../../../arm-none-eabi/lib/thumb/v7e-m+fp/hard\libc_nano.a(lib_a-mprec.o)
                0x0000000008009764                __lo0bits
 .text.__i2b    0x00000000080097c4       0x2c c:/st/stm32cubeide_1.7.0/stm32cubeide/plugins/com.st.stm32cube.ide.mcu.externaltools.gnu-tools-for-stm32.9-2020-q2-update.win32_2.0.0.202105311346/tools/bin/../lib/gcc/arm-none-eabi/9.3.1/../../../../arm-none-eabi/lib/thumb/v7e-m+fp/hard\libc_nano.a(lib_a-mprec.o)
                0x00000000080097c4                __i2b
 .text.__multiply
                0x00000000080097f0      0x14c c:/st/stm32cubeide_1.7.0/stm32cubeide/plugins/com.st.stm32cube.ide.mcu.externaltools.gnu-tools-for-stm32.9-2020-q2-update.win32_2.0.0.202105311346/tools/bin/../lib/gcc/arm-none-eabi/9.3.1/../../../../arm-none-eabi/lib/thumb/v7e-m+fp/hard\libc_nano.a(lib_a-mprec.o)
                0x00000000080097f0                __multiply
 .text.__pow5mult
                0x000000000800993c       0xb4 c:/st/stm32cubeide_1.7.0/stm32cubeide/plugins/com.st.stm32cube.ide.mcu.externaltools.gnu-tools-for-stm32.9-2020-q2-update.win32_2.0.0.202105311346/tools/bin/../lib/gcc/arm-none-eabi/9.3.1/../../../../arm-none-eabi/lib/thumb/v7e-m+fp/hard\libc_nano.a(lib_a-mprec.o)
                0x000000000800993c                __pow5mult
 .text.__lshift
                0x00000000080099f0       0xd8 c:/st/stm32cubeide_1.7.0/stm32cubeide/plugins/com.st.stm32cube.ide.mcu.externaltools.gnu-tools-for-stm32.9-2020-q2-update.win32_2.0.0.202105311346/tools/bin/../lib/gcc/arm-none-eabi/9.3.1/../../../../arm-none-eabi/lib/thumb/v7e-m+fp/hard\libc_nano.a(lib_a-mprec.o)
                0x00000000080099f0                __lshift
 .text.__mcmp   0x0000000008009ac8       0x38 c:/st/stm32cubeide_1.7.0/stm32cubeide/plugins/com.st.stm32cube.ide.mcu.externaltools.gnu-tools-for-stm32.9-2020-q2-update.win32_2.0.0.202105311346/tools/bin/../lib/gcc/arm-none-eabi/9.3.1/../../../../arm-none-eabi/lib/thumb/v7e-m+fp/hard\libc_nano.a(lib_a-mprec.o)
                0x0000000008009ac8                __mcmp
 .text.__mdiff  0x0000000008009b00      0x110 c:/st/stm32cubeide_1.7.0/stm32cubeide/plugins/com.st.stm32cube.ide.mcu.externaltools.gnu-tools-for-stm32.9-2020-q2-update.win32_2.0.0.202105311346/tools/bin/../lib/gcc/arm-none-eabi/9.3.1/../../../../arm-none-eabi/lib/thumb/v7e-m+fp/hard\libc_nano.a(lib_a-mprec.o)
                0x0000000008009b00                __mdiff
 .text.__d2b    0x0000000008009c10       0xb8 c:/st/stm32cubeide_1.7.0/stm32cubeide/plugins/com.st.stm32cube.ide.mcu.externaltools.gnu-tools-for-stm32.9-2020-q2-update.win32_2.0.0.202105311346/tools/bin/../lib/gcc/arm-none-eabi/9.3.1/../../../../arm-none-eabi/lib/thumb/v7e-m+fp/hard\libc_nano.a(lib_a-mprec.o)
                0x0000000008009c10                __d2b
 .text._calloc_r
                0x0000000008009cc8       0x1e c:/st/stm32cubeide_1.7.0/stm32cubeide/plugins/com.st.stm32cube.ide.mcu.externaltools.gnu-tools-for-stm32.9-2020-q2-update.win32_2.0.0.202105311346/tools/bin/../lib/gcc/arm-none-eabi/9.3.1/../../../../arm-none-eabi/lib/thumb/v7e-m+fp/hard\libc_nano.a(lib_a-nano-callocr.o)
                0x0000000008009cc8                _calloc_r
 *fill*         0x0000000008009ce6        0x2 
 .text._free_r  0x0000000008009ce8       0xa0 c:/st/stm32cubeide_1.7.0/stm32cubeide/plugins/com.st.stm32cube.ide.mcu.externaltools.gnu-tools-for-stm32.9-2020-q2-update.win32_2.0.0.202105311346/tools/bin/../lib/gcc/arm-none-eabi/9.3.1/../../../../arm-none-eabi/lib/thumb/v7e-m+fp/hard\libc_nano.a(lib_a-nano-freer.o)
                0x0000000008009ce8                _free_r
 .text._malloc_r
                0x0000000008009d88       0xb4 c:/st/stm32cubeide_1.7.0/stm32cubeide/plugins/com.st.stm32cube.ide.mcu.externaltools.gnu-tools-for-stm32.9-2020-q2-update.win32_2.0.0.202105311346/tools/bin/../lib/gcc/arm-none-eabi/9.3.1/../../../../arm-none-eabi/lib/thumb/v7e-m+fp/hard\libc_nano.a(lib_a-nano-mallocr.o)
                0x0000000008009d88                _malloc_r
 .text.__sfputc_r
                0x0000000008009e3c       0x2e c:/st/stm32cubeide_1.7.0/stm32cubeide/plugins/com.st.stm32cube.ide.mcu.externaltools.gnu-tools-for-stm32.9-2020-q2-update.win32_2.0.0.202105311346/tools/bin/../lib/gcc/arm-none-eabi/9.3.1/../../../../arm-none-eabi/lib/thumb/v7e-m+fp/hard\libc_nano.a(lib_a-nano-vfprintf.o)
 .text.__sfputs_r
                0x0000000008009e6a       0x24 c:/st/stm32cubeide_1.7.0/stm32cubeide/plugins/com.st.stm32cube.ide.mcu.externaltools.gnu-tools-for-stm32.9-2020-q2-update.win32_2.0.0.202105311346/tools/bin/../lib/gcc/arm-none-eabi/9.3.1/../../../../arm-none-eabi/lib/thumb/v7e-m+fp/hard\libc_nano.a(lib_a-nano-vfprintf.o)
                0x0000000008009e6a                __sfputs_r
 *fill*         0x0000000008009e8e        0x2 
 .text._vfprintf_r
                0x0000000008009e90      0x260 c:/st/stm32cubeide_1.7.0/stm32cubeide/plugins/com.st.stm32cube.ide.mcu.externaltools.gnu-tools-for-stm32.9-2020-q2-update.win32_2.0.0.202105311346/tools/bin/../lib/gcc/arm-none-eabi/9.3.1/../../../../arm-none-eabi/lib/thumb/v7e-m+fp/hard\libc_nano.a(lib_a-nano-vfprintf.o)
                0x0000000008009e90                _vfprintf_r
                0x0000000008009e90                _vfiprintf_r
 .text._sbrk_r  0x000000000800a0f0       0x20 c:/st/stm32cubeide_1.7.0/stm32cubeide/plugins/com.st.stm32cube.ide.mcu.externaltools.gnu-tools-for-stm32.9-2020-q2-update.win32_2.0.0.202105311346/tools/bin/../lib/gcc/arm-none-eabi/9.3.1/../../../../arm-none-eabi/lib/thumb/v7e-m+fp/hard\libc_nano.a(lib_a-sbrkr.o)
                0x000000000800a0f0                _sbrk_r
 .text.__sread  0x000000000800a110       0x22 c:/st/stm32cubeide_1.7.0/stm32cubeide/plugins/com.st.stm32cube.ide.mcu.externaltools.gnu-tools-for-stm32.9-2020-q2-update.win32_2.0.0.202105311346/tools/bin/../lib/gcc/arm-none-eabi/9.3.1/../../../../arm-none-eabi/lib/thumb/v7e-m+fp/hard\libc_nano.a(lib_a-stdio.o)
                0x000000000800a110                __sread
 .text.__swrite
                0x000000000800a132       0x38 c:/st/stm32cubeide_1.7.0/stm32cubeide/plugins/com.st.stm32cube.ide.mcu.externaltools.gnu-tools-for-stm32.9-2020-q2-update.win32_2.0.0.202105311346/tools/bin/../lib/gcc/arm-none-eabi/9.3.1/../../../../arm-none-eabi/lib/thumb/v7e-m+fp/hard\libc_nano.a(lib_a-stdio.o)
                0x000000000800a132                __swrite
 .text.__sseek  0x000000000800a16a       0x24 c:/st/stm32cubeide_1.7.0/stm32cubeide/plugins/com.st.stm32cube.ide.mcu.externaltools.gnu-tools-for-stm32.9-2020-q2-update.win32_2.0.0.202105311346/tools/bin/../lib/gcc/arm-none-eabi/9.3.1/../../../../arm-none-eabi/lib/thumb/v7e-m+fp/hard\libc_nano.a(lib_a-stdio.o)
                0x000000000800a16a                __sseek
 .text.__sclose
                0x000000000800a18e        0x8 c:/st/stm32cubeide_1.7.0/stm32cubeide/plugins/com.st.stm32cube.ide.mcu.externaltools.gnu-tools-for-stm32.9-2020-q2-update.win32_2.0.0.202105311346/tools/bin/../lib/gcc/arm-none-eabi/9.3.1/../../../../arm-none-eabi/lib/thumb/v7e-m+fp/hard\libc_nano.a(lib_a-stdio.o)
                0x000000000800a18e                __sclose
 *fill*         0x000000000800a196        0x2 
 .text._write_r
                0x000000000800a198       0x24 c:/st/stm32cubeide_1.7.0/stm32cubeide/plugins/com.st.stm32cube.ide.mcu.externaltools.gnu-tools-for-stm32.9-2020-q2-update.win32_2.0.0.202105311346/tools/bin/../lib/gcc/arm-none-eabi/9.3.1/../../../../arm-none-eabi/lib/thumb/v7e-m+fp/hard\libc_nano.a(lib_a-writer.o)
                0x000000000800a198                _write_r
 .text.__assert_func
                0x000000000800a1bc       0x3c c:/st/stm32cubeide_1.7.0/stm32cubeide/plugins/com.st.stm32cube.ide.mcu.externaltools.gnu-tools-for-stm32.9-2020-q2-update.win32_2.0.0.202105311346/tools/bin/../lib/gcc/arm-none-eabi/9.3.1/../../../../arm-none-eabi/lib/thumb/v7e-m+fp/hard\libc_nano.a(lib_a-assert.o)
                0x000000000800a1bc                __assert_func
 .text._close_r
                0x000000000800a1f8       0x20 c:/st/stm32cubeide_1.7.0/stm32cubeide/plugins/com.st.stm32cube.ide.mcu.externaltools.gnu-tools-for-stm32.9-2020-q2-update.win32_2.0.0.202105311346/tools/bin/../lib/gcc/arm-none-eabi/9.3.1/../../../../arm-none-eabi/lib/thumb/v7e-m+fp/hard\libc_nano.a(lib_a-closer.o)
                0x000000000800a1f8                _close_r
 .text.fprintf  0x000000000800a218       0x24 c:/st/stm32cubeide_1.7.0/stm32cubeide/plugins/com.st.stm32cube.ide.mcu.externaltools.gnu-tools-for-stm32.9-2020-q2-update.win32_2.0.0.202105311346/tools/bin/../lib/gcc/arm-none-eabi/9.3.1/../../../../arm-none-eabi/lib/thumb/v7e-m+fp/hard\libc_nano.a(lib_a-fprintf.o)
                0x000000000800a218                fiprintf
                0x000000000800a218                fprintf
 .text._fstat_r
                0x000000000800a23c       0x24 c:/st/stm32cubeide_1.7.0/stm32cubeide/plugins/com.st.stm32cube.ide.mcu.externaltools.gnu-tools-for-stm32.9-2020-q2-update.win32_2.0.0.202105311346/tools/bin/../lib/gcc/arm-none-eabi/9.3.1/../../../../arm-none-eabi/lib/thumb/v7e-m+fp/hard\libc_nano.a(lib_a-fstatr.o)
                0x000000000800a23c                _fstat_r
 .text._isatty_r
                0x000000000800a260       0x20 c:/st/stm32cubeide_1.7.0/stm32cubeide/plugins/com.st.stm32cube.ide.mcu.externaltools.gnu-tools-for-stm32.9-2020-q2-update.win32_2.0.0.202105311346/tools/bin/../lib/gcc/arm-none-eabi/9.3.1/../../../../arm-none-eabi/lib/thumb/v7e-m+fp/hard\libc_nano.a(lib_a-isattyr.o)
                0x000000000800a260                _isatty_r
 .text._lseek_r
                0x000000000800a280       0x24 c:/st/stm32cubeide_1.7.0/stm32cubeide/plugins/com.st.stm32cube.ide.mcu.externaltools.gnu-tools-for-stm32.9-2020-q2-update.win32_2.0.0.202105311346/tools/bin/../lib/gcc/arm-none-eabi/9.3.1/../../../../arm-none-eabi/lib/thumb/v7e-m+fp/hard\libc_nano.a(lib_a-lseekr.o)
                0x000000000800a280                _lseek_r
 .text.__ascii_mbtowc
                0x000000000800a2a4       0x24 c:/st/stm32cubeide_1.7.0/stm32cubeide/plugins/com.st.stm32cube.ide.mcu.externaltools.gnu-tools-for-stm32.9-2020-q2-update.win32_2.0.0.202105311346/tools/bin/../lib/gcc/arm-none-eabi/9.3.1/../../../../arm-none-eabi/lib/thumb/v7e-m+fp/hard\libc_nano.a(lib_a-mbtowc_r.o)
                0x000000000800a2a4                __ascii_mbtowc
 .text.__malloc_lock
                0x000000000800a2c8        0xc c:/st/stm32cubeide_1.7.0/stm32cubeide/plugins/com.st.stm32cube.ide.mcu.externaltools.gnu-tools-for-stm32.9-2020-q2-update.win32_2.0.0.202105311346/tools/bin/../lib/gcc/arm-none-eabi/9.3.1/../../../../arm-none-eabi/lib/thumb/v7e-m+fp/hard\libc_nano.a(lib_a-mlock.o)
                0x000000000800a2c8                __malloc_lock
 .text.__malloc_unlock
                0x000000000800a2d4        0xc c:/st/stm32cubeide_1.7.0/stm32cubeide/plugins/com.st.stm32cube.ide.mcu.externaltools.gnu-tools-for-stm32.9-2020-q2-update.win32_2.0.0.202105311346/tools/bin/../lib/gcc/arm-none-eabi/9.3.1/../../../../arm-none-eabi/lib/thumb/v7e-m+fp/hard\libc_nano.a(lib_a-mlock.o)
                0x000000000800a2d4                __malloc_unlock
 .text._read_r  0x000000000800a2e0       0x24 c:/st/stm32cubeide_1.7.0/stm32cubeide/plugins/com.st.stm32cube.ide.mcu.externaltools.gnu-tools-for-stm32.9-2020-q2-update.win32_2.0.0.202105311346/tools/bin/../lib/gcc/arm-none-eabi/9.3.1/../../../../arm-none-eabi/lib/thumb/v7e-m+fp/hard\libc_nano.a(lib_a-readr.o)
                0x000000000800a2e0                _read_r
 .text.__ascii_wctomb
                0x000000000800a304       0x1a c:/st/stm32cubeide_1.7.0/stm32cubeide/plugins/com.st.stm32cube.ide.mcu.externaltools.gnu-tools-for-stm32.9-2020-q2-update.win32_2.0.0.202105311346/tools/bin/../lib/gcc/arm-none-eabi/9.3.1/../../../../arm-none-eabi/lib/thumb/v7e-m+fp/hard\libc_nano.a(lib_a-wctomb_r.o)
                0x000000000800a304                __ascii_wctomb
 .text.abort    0x000000000800a31e        0xe c:/st/stm32cubeide_1.7.0/stm32cubeide/plugins/com.st.stm32cube.ide.mcu.externaltools.gnu-tools-for-stm32.9-2020-q2-update.win32_2.0.0.202105311346/tools/bin/../lib/gcc/arm-none-eabi/9.3.1/../../../../arm-none-eabi/lib/thumb/v7e-m+fp/hard\libc_nano.a(lib_a-abort.o)
                0x000000000800a31e                abort
 .text._raise_r
                0x000000000800a32c       0x50 c:/st/stm32cubeide_1.7.0/stm32cubeide/plugins/com.st.stm32cube.ide.mcu.externaltools.gnu-tools-for-stm32.9-2020-q2-update.win32_2.0.0.202105311346/tools/bin/../lib/gcc/arm-none-eabi/9.3.1/../../../../arm-none-eabi/lib/thumb/v7e-m+fp/hard\libc_nano.a(lib_a-signal.o)
                0x000000000800a32c                _raise_r
 .text.raise    0x000000000800a37c       0x10 c:/st/stm32cubeide_1.7.0/stm32cubeide/plugins/com.st.stm32cube.ide.mcu.externaltools.gnu-tools-for-stm32.9-2020-q2-update.win32_2.0.0.202105311346/tools/bin/../lib/gcc/arm-none-eabi/9.3.1/../../../../arm-none-eabi/lib/thumb/v7e-m+fp/hard\libc_nano.a(lib_a-signal.o)
                0x000000000800a37c                raise
 .text._kill_r  0x000000000800a38c       0x24 c:/st/stm32cubeide_1.7.0/stm32cubeide/plugins/com.st.stm32cube.ide.mcu.externaltools.gnu-tools-for-stm32.9-2020-q2-update.win32_2.0.0.202105311346/tools/bin/../lib/gcc/arm-none-eabi/9.3.1/../../../../arm-none-eabi/lib/thumb/v7e-m+fp/hard\libc_nano.a(lib_a-signalr.o)
                0x000000000800a38c                _kill_r
 .text._getpid_r
                0x000000000800a3b0        0x4 c:/st/stm32cubeide_1.7.0/stm32cubeide/plugins/com.st.stm32cube.ide.mcu.externaltools.gnu-tools-for-stm32.9-2020-q2-update.win32_2.0.0.202105311346/tools/bin/../lib/gcc/arm-none-eabi/9.3.1/../../../../arm-none-eabi/lib/thumb/v7e-m+fp/hard\libc_nano.a(lib_a-signalr.o)
                0x000000000800a3b0                _getpid_r
 .text.cosf     0x000000000800a3b4       0x80 c:/st/stm32cubeide_1.7.0/stm32cubeide/plugins/com.st.stm32cube.ide.mcu.externaltools.gnu-tools-for-stm32.9-2020-q2-update.win32_2.0.0.202105311346/tools/bin/../lib/gcc/arm-none-eabi/9.3.1/../../../../arm-none-eabi/lib/thumb/v7e-m+fp/hard\libm.a(lib_a-sf_cos.o)
                0x000000000800a3b4                cosf
 .text.floorf   0x000000000800a434       0x84 c:/st/stm32cubeide_1.7.0/stm32cubeide/plugins/com.st.stm32cube.ide.mcu.externaltools.gnu-tools-for-stm32.9-2020-q2-update.win32_2.0.0.202105311346/tools/bin/../lib/gcc/arm-none-eabi/9.3.1/../../../../arm-none-eabi/lib/thumb/v7e-m+fp/hard\libm.a(lib_a-sf_floor.o)
                0x000000000800a434                floorf
 .text.sinf     0x000000000800a4b8       0x84 c:/st/stm32cubeide_1.7.0/stm32cubeide/plugins/com.st.stm32cube.ide.mcu.externaltools.gnu-tools-for-stm32.9-2020-q2-update.win32_2.0.0.202105311346/tools/bin/../lib/gcc/arm-none-eabi/9.3.1/../../../../arm-none-eabi/lib/thumb/v7e-m+fp/hard\libm.a(lib_a-sf_sin.o)
                0x000000000800a4b8                sinf
 .text.acosf    0x000000000800a53c       0x64 c:/st/stm32cubeide_1.7.0/stm32cubeide/plugins/com.st.stm32cube.ide.mcu.externaltools.gnu-tools-for-stm32.9-2020-q2-update.win32_2.0.0.202105311346/tools/bin/../lib/gcc/arm-none-eabi/9.3.1/../../../../arm-none-eabi/lib/thumb/v7e-m+fp/hard\libm.a(lib_a-wf_acos.o)
                0x000000000800a53c                acosf
 .text.expf     0x000000000800a5a0       0x7c c:/st/stm32cubeide_1.7.0/stm32cubeide/plugins/com.st.stm32cube.ide.mcu.externaltools.gnu-tools-for-stm32.9-2020-q2-update.win32_2.0.0.202105311346/tools/bin/../lib/gcc/arm-none-eabi/9.3.1/../../../../arm-none-eabi/lib/thumb/v7e-m+fp/hard\libm.a(lib_a-wf_exp.o)
                0x000000000800a5a0                expf
 .text.logf     0x000000000800a61c       0x6c c:/st/stm32cubeide_1.7.0/stm32cubeide/plugins/com.st.stm32cube.ide.mcu.externaltools.gnu-tools-for-stm32.9-2020-q2-update.win32_2.0.0.202105311346/tools/bin/../lib/gcc/arm-none-eabi/9.3.1/../../../../arm-none-eabi/lib/thumb/v7e-m+fp/hard\libm.a(lib_a-wf_log.o)
                0x000000000800a61c                logf